#
# There is insufficient memory for the Java Runtime Environment to continue.
# Native memory allocation (malloc) failed to allocate 397424 bytes. Error detail: Chunk::new
# Possible reasons:
#   The system is out of physical RAM or swap space
#   This process is running with CompressedOops enabled, and the Java Heap may be blocking the growth of the native heap
# Possible solutions:
#   Reduce memory load on the system
#   Increase physical memory or swap space
#   Check if swap backing store is full
#   Decrease Java heap size (-Xmx/-Xms)
#   Decrease number of Java threads
#   Decrease Java thread stack sizes (-Xss)
#   Set larger code cache with -XX:ReservedCodeCacheSize=
#   JVM is running with Zero Based Compressed Oops mode in which the Java heap is
#     placed in the first 32GB address space. The Java Heap base address is the
#     maximum limit for the native heap growth. Please use -XX:HeapBaseMinAddress
#     to set the Java Heap base and to place the Java Heap above 32GB virtual address.
# This output file may be truncated or incomplete.
#
#  Out of Memory Error (arena.cpp:168), pid=29628, tid=22468
#
# JRE version: OpenJDK Runtime Environment Temurin-21.0.12.1+1 (21.0.12.1+1) (build 21.0.12.1+1-LTS)
# Java VM: OpenJDK 64-Bit Server VM Temurin-21.0.12.1+1 (21.0.12.1+1-LTS, mixed mode, sharing, tiered, compressed oops, compressed class ptrs, g1 gc, windows-amd64)
# No core dump will be written. Minidumps are not enabled by default on client versions of Windows
#

---------------  S U M M A R Y ------------

Command Line: org.jetbrains.kotlin.cli.jvm.K2JVMCompiler @D:\Web\PetHorizon\PetHorizon_App\node_modules\expo-modules-autolinking\android\expo-gradle-plugin\expo-autolinking-settings-plugin\build\20261007_6225832556659601619.compiler.options

Host: Intel(R) Core(TM) i7-8665U CPU @ 1.90GHz, 8 cores, 15G,  Windows 11 , 64 bit Build 26100 (10.0.26100.9444)
Time: Wed Oct  7 01:34:21 2026 Pakistan Standard Time elapsed time: 4.000693 seconds (0d 0h 0m 4s)

---------------  T H R E A D  ---------------

Current thread (0x0000029d8ed66700):  JavaThread "C2 CompilerThread1" daemon [_thread_in_native, id=22468, stack(0x000000cb8ad00000,0x000000cb8ae00000) (1024K)]


Current CompileTask:
C2:4000 1657   !   4       java.util.zip.ZipFile::getEntry (59 bytes)

Stack: [0x000000cb8ad00000,0x000000cb8ae00000]
Native frames: (J=compiled Java code, j=interpreted, Vv=VM code, C=native code)
V  [jvm.dll+0x6d83e9]
V  [jvm.dll+0x8b5736]
V  [jvm.dll+0x8b7cee]
V  [jvm.dll+0x8b83d3]
V  [jvm.dll+0x284596]
V  [jvm.dll+0xc685d]
V  [jvm.dll+0xc6da1]
V  [jvm.dll+0x3bf18b]
V  [jvm.dll+0x38b6d2]
V  [jvm.dll+0x38ab1a]
V  [jvm.dll+0x24c700]
V  [jvm.dll+0x24bce0]
V  [jvm.dll+0x1cb4ae]
V  [jvm.dll+0x25baad]
V  [jvm.dll+0x25a03a]
V  [jvm.dll+0x3f8aae]
V  [jvm.dll+0x8600cd]
V  [jvm.dll+0x6d6c1d]
C  [ucrtbase.dll+0x2cd30]
C  [KERNEL32.DLL+0x2cd87]
C  [ntdll.dll+0xacaec]


---------------  P R O C E S S  ---------------

Threads class SMR info:
_java_thread_list=0x0000029d8eb46ee0, length=13, elements={
0x0000029d2caf3dd0, 0x0000029d48c26510, 0x0000029d48c27c90, 0x0000029d48c2c430,
0x0000029d48c30b00, 0x0000029d48c31560, 0x0000029d48c32320, 0x0000029d48c330b0,
0x0000029d48c363f0, 0x0000029d8e112fa0, 0x0000029d8e123800, 0x0000029d8ed66700,
0x0000029d8ed66db0
}

Java Threads: ( => current thread )
  0x0000029d2caf3dd0 JavaThread "main"                              [_thread_in_vm, id=13640, stack(0x000000cb89600000,0x000000cb89700000) (1024K)]
  0x0000029d48c26510 JavaThread "Reference Handler"          daemon [_thread_blocked, id=12056, stack(0x000000cb89e00000,0x000000cb89f00000) (1024K)]
  0x0000029d48c27c90 JavaThread "Finalizer"                  daemon [_thread_blocked, id=29496, stack(0x000000cb89f00000,0x000000cb8a000000) (1024K)]
  0x0000029d48c2c430 JavaThread "Signal Dispatcher"          daemon [_thread_blocked, id=6648, stack(0x000000cb8a000000,0x000000cb8a100000) (1024K)]
  0x0000029d48c30b00 JavaThread "Attach Listener"            daemon [_thread_blocked, id=29520, stack(0x000000cb8a100000,0x000000cb8a200000) (1024K)]
  0x0000029d48c31560 JavaThread "Service Thread"             daemon [_thread_blocked, id=12300, stack(0x000000cb8a200000,0x000000cb8a300000) (1024K)]
  0x0000029d48c32320 JavaThread "Monitor Deflation Thread"   daemon [_thread_blocked, id=29984, stack(0x000000cb8a300000,0x000000cb8a400000) (1024K)]
  0x0000029d48c330b0 JavaThread "C2 CompilerThread0"         daemon [_thread_blocked, id=27408, stack(0x000000cb8a400000,0x000000cb8a500000) (1024K)]
  0x0000029d48c363f0 JavaThread "C1 CompilerThread0"         daemon [_thread_blocked, id=27972, stack(0x000000cb8a500000,0x000000cb8a600000) (1024K)]
  0x0000029d8e112fa0 JavaThread "Notification Thread"        daemon [_thread_blocked, id=6612, stack(0x000000cb8a600000,0x000000cb8a700000) (1024K)]
  0x0000029d8e123800 JavaThread "Common-Cleaner"             daemon [_thread_blocked, id=15824, stack(0x000000cb8a700000,0x000000cb8a800000) (1024K)]
=>0x0000029d8ed66700 JavaThread "C2 CompilerThread1"         daemon [_thread_in_native, id=22468, stack(0x000000cb8ad00000,0x000000cb8ae00000) (1024K)]
  0x0000029d8ed66db0 JavaThread "C2 CompilerThread2"         daemon [_thread_blocked, id=3772, stack(0x000000cb8ae00000,0x000000cb8af00000) (1024K)]
Total: 13

Other Threads:
  0x0000029d48c05660 VMThread "VM Thread"                           [id=26300, stack(0x000000cb89d00000,0x000000cb89e00000) (1024K)]
  0x0000029d48bf21f0 WatcherThread "VM Periodic Task Thread"        [id=25988, stack(0x000000cb89c00000,0x000000cb89d00000) (1024K)]
  0x0000029d2cd81660 WorkerThread "GC Thread#0"                     [id=28464, stack(0x000000cb89700000,0x000000cb89800000) (1024K)]
  0x0000029d8e71e330 WorkerThread "GC Thread#1"                     [id=27476, stack(0x000000cb8a800000,0x000000cb8a900000) (1024K)]
  0x0000029d8e71e6e0 WorkerThread "GC Thread#2"                     [id=20120, stack(0x000000cb8a900000,0x000000cb8aa00000) (1024K)]
  0x0000029d8e71ea90 WorkerThread "GC Thread#3"                     [id=29444, stack(0x000000cb8aa00000,0x000000cb8ab00000) (1024K)]
  0x0000029d8e71ee40 WorkerThread "GC Thread#4"                     [id=28292, stack(0x000000cb8ab00000,0x000000cb8ac00000) (1024K)]
  0x0000029d8e71f1f0 WorkerThread "GC Thread#5"                     [id=13772, stack(0x000000cb8ac00000,0x000000cb8ad00000) (1024K)]
  0x0000029d8ed00050 WorkerThread "GC Thread#6"                     [id=7224, stack(0x000000cb8af00000,0x000000cb8b000000) (1024K)]
  0x0000029d8ede62e0 WorkerThread "GC Thread#7"                     [id=23756, stack(0x000000cb8b000000,0x000000cb8b100000) (1024K)]
  0x0000029d2cd93800 ConcurrentGCThread "G1 Main Marker"            [id=8776, stack(0x000000cb89800000,0x000000cb89900000) (1024K)]
  0x0000029d2cd94230 WorkerThread "G1 Conc#0"                       [id=20892, stack(0x000000cb89900000,0x000000cb89a00000) (1024K)]
  0x0000029d48ac0d10 ConcurrentGCThread "G1 Refine#0"               [id=24892, stack(0x000000cb89a00000,0x000000cb89b00000) (1024K)]
  0x0000029d48ac13b0 ConcurrentGCThread "G1 Service"                [id=18980, stack(0x000000cb89b00000,0x000000cb89c00000) (1024K)]
Total: 14

Threads with active compile tasks:
C1 CompilerThread0  4039 1697       1       org.jetbrains.kotlin.metadata.deserialization.BinaryVersion::getMinor (5 bytes)
C2 CompilerThread1  4039 1657   !   4       java.util.zip.ZipFile::getEntry (59 bytes)
Total: 2

VM state: not at safepoint (normal execution)

VM Mutex/Monitor currently owned by a thread: None

Heap address: 0x0000000703e00000, size: 4034 MB, Compressed Oops mode: Zero based, Oop shift amount: 3

CDS archive(s) mapped at: [0x0000029d49000000-0x0000029d49ba0000-0x0000029d49ba0000), size 12189696, SharedBaseAddress: 0x0000029d49000000, ArchiveRelocationMode: 1.
Compressed class space mapped at: 0x0000029d4a000000-0x0000029d8a000000, reserved size: 1073741824
Narrow klass base: 0x0000029d49000000, Narrow klass shift: 0, Narrow klass range: 0x100000000

GC Precious Log:
 CardTable entry size: 512
 Card Set container configuration: InlinePtr #cards 4 size 8 Array Of Cards #cards 16 size 48 Howl #buckets 8 coarsen threshold 3686 Howl Bitmap #cards 512 size 80 coarsen threshold 460 Card regions per heap region 1 cards per card region 4096
 CPUs: 8 total, 8 available
 Memory: 16131M
 Large Page Support: Disabled
 NUMA Support: Disabled
 Compressed Oops: Enabled (Zero based)
 Heap Region Size: 2M
 Heap Min Capacity: 8M
 Heap Initial Capacity: 254M
 Heap Max Capacity: 4034M
 Pre-touch: Disabled
 Parallel Workers: 8
 Concurrent Workers: 2
 Concurrent Refinement Workers: 8
 Periodic GC: Disabled

Heap:
 garbage-first heap   total 260096K, used 65729K [0x0000000703e00000, 0x0000000800000000)
  region size 2048K, 30 young (61440K), 3 survivors (6144K)
 Metaspace       used 17846K, committed 18176K, reserved 1114112K
  class space    used 1948K, committed 2112K, reserved 1048576K

Heap Regions: E=young(eden), S=young(survivor), O=old, HS=humongous(starts), HC=humongous(continues), CS=collection set, F=free, TAMS=top-at-mark-start, PB=parsable bottom
|   0|0x0000000703e00000, 0x0000000704000000, 0x0000000704000000|100%|HS|  |TAMS 0x0000000703e00000| PB 0x0000000703e00000| Complete 
|   1|0x0000000704000000, 0x0000000704200000, 0x0000000704200000|100%|HC|  |TAMS 0x0000000704000000| PB 0x0000000704000000| Complete 
|   2|0x0000000704200000, 0x0000000704400000, 0x0000000704400000|100%| O|  |TAMS 0x0000000704200000| PB 0x0000000704200000| Untracked 
|   3|0x0000000704400000, 0x0000000704430600, 0x0000000704600000|  9%| O|  |TAMS 0x0000000704400000| PB 0x0000000704400000| Untracked 
|   4|0x0000000704600000, 0x0000000704600000, 0x0000000704800000|  0%| F|  |TAMS 0x0000000704600000| PB 0x0000000704600000| Untracked 
|   5|0x0000000704800000, 0x0000000704800000, 0x0000000704a00000|  0%| F|  |TAMS 0x0000000704800000| PB 0x0000000704800000| Untracked 
|   6|0x0000000704a00000, 0x0000000704a00000, 0x0000000704c00000|  0%| F|  |TAMS 0x0000000704a00000| PB 0x0000000704a00000| Untracked 
|   7|0x0000000704c00000, 0x0000000704c00000, 0x0000000704e00000|  0%| F|  |TAMS 0x0000000704c00000| PB 0x0000000704c00000| Untracked 
|   8|0x0000000704e00000, 0x0000000704e00000, 0x0000000705000000|  0%| F|  |TAMS 0x0000000704e00000| PB 0x0000000704e00000| Untracked 
|   9|0x0000000705000000, 0x0000000705000000, 0x0000000705200000|  0%| F|  |TAMS 0x0000000705000000| PB 0x0000000705000000| Untracked 
|  10|0x0000000705200000, 0x0000000705200000, 0x0000000705400000|  0%| F|  |TAMS 0x0000000705200000| PB 0x0000000705200000| Untracked 
|  11|0x0000000705400000, 0x0000000705400000, 0x0000000705600000|  0%| F|  |TAMS 0x0000000705400000| PB 0x0000000705400000| Untracked 
|  12|0x0000000705600000, 0x0000000705600000, 0x0000000705800000|  0%| F|  |TAMS 0x0000000705600000| PB 0x0000000705600000| Untracked 
|  13|0x0000000705800000, 0x0000000705800000, 0x0000000705a00000|  0%| F|  |TAMS 0x0000000705800000| PB 0x0000000705800000| Untracked 
|  14|0x0000000705a00000, 0x0000000705a00000, 0x0000000705c00000|  0%| F|  |TAMS 0x0000000705a00000| PB 0x0000000705a00000| Untracked 
|  15|0x0000000705c00000, 0x0000000705c00000, 0x0000000705e00000|  0%| F|  |TAMS 0x0000000705c00000| PB 0x0000000705c00000| Untracked 
|  16|0x0000000705e00000, 0x0000000705e00000, 0x0000000706000000|  0%| F|  |TAMS 0x0000000705e00000| PB 0x0000000705e00000| Untracked 
|  17|0x0000000706000000, 0x0000000706000000, 0x0000000706200000|  0%| F|  |TAMS 0x0000000706000000| PB 0x0000000706000000| Untracked 
|  18|0x0000000706200000, 0x0000000706200000, 0x0000000706400000|  0%| F|  |TAMS 0x0000000706200000| PB 0x0000000706200000| Untracked 
|  19|0x0000000706400000, 0x0000000706400000, 0x0000000706600000|  0%| F|  |TAMS 0x0000000706400000| PB 0x0000000706400000| Untracked 
|  20|0x0000000706600000, 0x0000000706600000, 0x0000000706800000|  0%| F|  |TAMS 0x0000000706600000| PB 0x0000000706600000| Untracked 
|  21|0x0000000706800000, 0x0000000706800000, 0x0000000706a00000|  0%| F|  |TAMS 0x0000000706800000| PB 0x0000000706800000| Untracked 
|  22|0x0000000706a00000, 0x0000000706a00000, 0x0000000706c00000|  0%| F|  |TAMS 0x0000000706a00000| PB 0x0000000706a00000| Untracked 
|  23|0x0000000706c00000, 0x0000000706c00000, 0x0000000706e00000|  0%| F|  |TAMS 0x0000000706c00000| PB 0x0000000706c00000| Untracked 
|  24|0x0000000706e00000, 0x0000000706e00000, 0x0000000707000000|  0%| F|  |TAMS 0x0000000706e00000| PB 0x0000000706e00000| Untracked 
|  25|0x0000000707000000, 0x0000000707000000, 0x0000000707200000|  0%| F|  |TAMS 0x0000000707000000| PB 0x0000000707000000| Untracked 
|  26|0x0000000707200000, 0x0000000707200000, 0x0000000707400000|  0%| F|  |TAMS 0x0000000707200000| PB 0x0000000707200000| Untracked 
|  27|0x0000000707400000, 0x0000000707400000, 0x0000000707600000|  0%| F|  |TAMS 0x0000000707400000| PB 0x0000000707400000| Untracked 
|  28|0x0000000707600000, 0x0000000707600000, 0x0000000707800000|  0%| F|  |TAMS 0x0000000707600000| PB 0x0000000707600000| Untracked 
|  29|0x0000000707800000, 0x0000000707800000, 0x0000000707a00000|  0%| F|  |TAMS 0x0000000707800000| PB 0x0000000707800000| Untracked 
|  30|0x0000000707a00000, 0x0000000707a00000, 0x0000000707c00000|  0%| F|  |TAMS 0x0000000707a00000| PB 0x0000000707a00000| Untracked 
|  31|0x0000000707c00000, 0x0000000707c00000, 0x0000000707e00000|  0%| F|  |TAMS 0x0000000707c00000| PB 0x0000000707c00000| Untracked 
|  32|0x0000000707e00000, 0x0000000707e00000, 0x0000000708000000|  0%| F|  |TAMS 0x0000000707e00000| PB 0x0000000707e00000| Untracked 
|  33|0x0000000708000000, 0x0000000708000000, 0x0000000708200000|  0%| F|  |TAMS 0x0000000708000000| PB 0x0000000708000000| Untracked 
|  34|0x0000000708200000, 0x0000000708200000, 0x0000000708400000|  0%| F|  |TAMS 0x0000000708200000| PB 0x0000000708200000| Untracked 
|  35|0x0000000708400000, 0x0000000708400000, 0x0000000708600000|  0%| F|  |TAMS 0x0000000708400000| PB 0x0000000708400000| Untracked 
|  36|0x0000000708600000, 0x0000000708600000, 0x0000000708800000|  0%| F|  |TAMS 0x0000000708600000| PB 0x0000000708600000| Untracked 
|  37|0x0000000708800000, 0x0000000708800000, 0x0000000708a00000|  0%| F|  |TAMS 0x0000000708800000| PB 0x0000000708800000| Untracked 
|  38|0x0000000708a00000, 0x0000000708a00000, 0x0000000708c00000|  0%| F|  |TAMS 0x0000000708a00000| PB 0x0000000708a00000| Untracked 
|  39|0x0000000708c00000, 0x0000000708c00000, 0x0000000708e00000|  0%| F|  |TAMS 0x0000000708c00000| PB 0x0000000708c00000| Untracked 
|  40|0x0000000708e00000, 0x0000000708e00000, 0x0000000709000000|  0%| F|  |TAMS 0x0000000708e00000| PB 0x0000000708e00000| Untracked 
|  41|0x0000000709000000, 0x0000000709000000, 0x0000000709200000|  0%| F|  |TAMS 0x0000000709000000| PB 0x0000000709000000| Untracked 
|  42|0x0000000709200000, 0x0000000709200000, 0x0000000709400000|  0%| F|  |TAMS 0x0000000709200000| PB 0x0000000709200000| Untracked 
|  43|0x0000000709400000, 0x0000000709400000, 0x0000000709600000|  0%| F|  |TAMS 0x0000000709400000| PB 0x0000000709400000| Untracked 
|  44|0x0000000709600000, 0x0000000709600000, 0x0000000709800000|  0%| F|  |TAMS 0x0000000709600000| PB 0x0000000709600000| Untracked 
|  45|0x0000000709800000, 0x0000000709800000, 0x0000000709a00000|  0%| F|  |TAMS 0x0000000709800000| PB 0x0000000709800000| Untracked 
|  46|0x0000000709a00000, 0x0000000709a00000, 0x0000000709c00000|  0%| F|  |TAMS 0x0000000709a00000| PB 0x0000000709a00000| Untracked 
|  47|0x0000000709c00000, 0x0000000709c00000, 0x0000000709e00000|  0%| F|  |TAMS 0x0000000709c00000| PB 0x0000000709c00000| Untracked 
|  48|0x0000000709e00000, 0x0000000709e00000, 0x000000070a000000|  0%| F|  |TAMS 0x0000000709e00000| PB 0x0000000709e00000| Untracked 
|  49|0x000000070a000000, 0x000000070a000000, 0x000000070a200000|  0%| F|  |TAMS 0x000000070a000000| PB 0x000000070a000000| Untracked 
|  50|0x000000070a200000, 0x000000070a200000, 0x000000070a400000|  0%| F|  |TAMS 0x000000070a200000| PB 0x000000070a200000| Untracked 
|  51|0x000000070a400000, 0x000000070a400000, 0x000000070a600000|  0%| F|  |TAMS 0x000000070a400000| PB 0x000000070a400000| Untracked 
|  52|0x000000070a600000, 0x000000070a600000, 0x000000070a800000|  0%| F|  |TAMS 0x000000070a600000| PB 0x000000070a600000| Untracked 
|  53|0x000000070a800000, 0x000000070a800000, 0x000000070aa00000|  0%| F|  |TAMS 0x000000070a800000| PB 0x000000070a800000| Untracked 
|  54|0x000000070aa00000, 0x000000070aa00000, 0x000000070ac00000|  0%| F|  |TAMS 0x000000070aa00000| PB 0x000000070aa00000| Untracked 
|  55|0x000000070ac00000, 0x000000070ac00000, 0x000000070ae00000|  0%| F|  |TAMS 0x000000070ac00000| PB 0x000000070ac00000| Untracked 
|  56|0x000000070ae00000, 0x000000070ae00000, 0x000000070b000000|  0%| F|  |TAMS 0x000000070ae00000| PB 0x000000070ae00000| Untracked 
|  57|0x000000070b000000, 0x000000070b000000, 0x000000070b200000|  0%| F|  |TAMS 0x000000070b000000| PB 0x000000070b000000| Untracked 
|  58|0x000000070b200000, 0x000000070b200000, 0x000000070b400000|  0%| F|  |TAMS 0x000000070b200000| PB 0x000000070b200000| Untracked 
|  59|0x000000070b400000, 0x000000070b400000, 0x000000070b600000|  0%| F|  |TAMS 0x000000070b400000| PB 0x000000070b400000| Untracked 
|  60|0x000000070b600000, 0x000000070b600000, 0x000000070b800000|  0%| F|  |TAMS 0x000000070b600000| PB 0x000000070b600000| Untracked 
|  61|0x000000070b800000, 0x000000070b800000, 0x000000070ba00000|  0%| F|  |TAMS 0x000000070b800000| PB 0x000000070b800000| Untracked 
|  62|0x000000070ba00000, 0x000000070ba00000, 0x000000070bc00000|  0%| F|  |TAMS 0x000000070ba00000| PB 0x000000070ba00000| Untracked 
|  63|0x000000070bc00000, 0x000000070bc00000, 0x000000070be00000|  0%| F|  |TAMS 0x000000070bc00000| PB 0x000000070bc00000| Untracked 
|  64|0x000000070be00000, 0x000000070be00000, 0x000000070c000000|  0%| F|  |TAMS 0x000000070be00000| PB 0x000000070be00000| Untracked 
|  65|0x000000070c000000, 0x000000070c000000, 0x000000070c200000|  0%| F|  |TAMS 0x000000070c000000| PB 0x000000070c000000| Untracked 
|  66|0x000000070c200000, 0x000000070c200000, 0x000000070c400000|  0%| F|  |TAMS 0x000000070c200000| PB 0x000000070c200000| Untracked 
|  67|0x000000070c400000, 0x000000070c400000, 0x000000070c600000|  0%| F|  |TAMS 0x000000070c400000| PB 0x000000070c400000| Untracked 
|  68|0x000000070c600000, 0x000000070c600000, 0x000000070c800000|  0%| F|  |TAMS 0x000000070c600000| PB 0x000000070c600000| Untracked 
|  69|0x000000070c800000, 0x000000070c800000, 0x000000070ca00000|  0%| F|  |TAMS 0x000000070c800000| PB 0x000000070c800000| Untracked 
|  70|0x000000070ca00000, 0x000000070ca00000, 0x000000070cc00000|  0%| F|  |TAMS 0x000000070ca00000| PB 0x000000070ca00000| Untracked 
|  71|0x000000070cc00000, 0x000000070cc00000, 0x000000070ce00000|  0%| F|  |TAMS 0x000000070cc00000| PB 0x000000070cc00000| Untracked 
|  72|0x000000070ce00000, 0x000000070ce00000, 0x000000070d000000|  0%| F|  |TAMS 0x000000070ce00000| PB 0x000000070ce00000| Untracked 
|  73|0x000000070d000000, 0x000000070d000000, 0x000000070d200000|  0%| F|  |TAMS 0x000000070d000000| PB 0x000000070d000000| Untracked 
|  74|0x000000070d200000, 0x000000070d200000, 0x000000070d400000|  0%| F|  |TAMS 0x000000070d200000| PB 0x000000070d200000| Untracked 
|  75|0x000000070d400000, 0x000000070d400000, 0x000000070d600000|  0%| F|  |TAMS 0x000000070d400000| PB 0x000000070d400000| Untracked 
|  76|0x000000070d600000, 0x000000070d600000, 0x000000070d800000|  0%| F|  |TAMS 0x000000070d600000| PB 0x000000070d600000| Untracked 
|  77|0x000000070d800000, 0x000000070d800000, 0x000000070da00000|  0%| F|  |TAMS 0x000000070d800000| PB 0x000000070d800000| Untracked 
|  78|0x000000070da00000, 0x000000070da00000, 0x000000070dc00000|  0%| F|  |TAMS 0x000000070da00000| PB 0x000000070da00000| Untracked 
|  79|0x000000070dc00000, 0x000000070dc00000, 0x000000070de00000|  0%| F|  |TAMS 0x000000070dc00000| PB 0x000000070dc00000| Untracked 
|  80|0x000000070de00000, 0x000000070de00000, 0x000000070e000000|  0%| F|  |TAMS 0x000000070de00000| PB 0x000000070de00000| Untracked 
|  81|0x000000070e000000, 0x000000070e000000, 0x000000070e200000|  0%| F|  |TAMS 0x000000070e000000| PB 0x000000070e000000| Untracked 
|  82|0x000000070e200000, 0x000000070e200000, 0x000000070e400000|  0%| F|  |TAMS 0x000000070e200000| PB 0x000000070e200000| Untracked 
|  83|0x000000070e400000, 0x000000070e400000, 0x000000070e600000|  0%| F|  |TAMS 0x000000070e400000| PB 0x000000070e400000| Untracked 
|  84|0x000000070e600000, 0x000000070e600000, 0x000000070e800000|  0%| F|  |TAMS 0x000000070e600000| PB 0x000000070e600000| Untracked 
|  85|0x000000070e800000, 0x000000070e800000, 0x000000070ea00000|  0%| F|  |TAMS 0x000000070e800000| PB 0x000000070e800000| Untracked 
|  86|0x000000070ea00000, 0x000000070ea00000, 0x000000070ec00000|  0%| F|  |TAMS 0x000000070ea00000| PB 0x000000070ea00000| Untracked 
|  87|0x000000070ec00000, 0x000000070ec00000, 0x000000070ee00000|  0%| F|  |TAMS 0x000000070ec00000| PB 0x000000070ec00000| Untracked 
|  88|0x000000070ee00000, 0x000000070ee00000, 0x000000070f000000|  0%| F|  |TAMS 0x000000070ee00000| PB 0x000000070ee00000| Untracked 
|  89|0x000000070f000000, 0x000000070f000000, 0x000000070f200000|  0%| F|  |TAMS 0x000000070f000000| PB 0x000000070f000000| Untracked 
|  90|0x000000070f200000, 0x000000070f200000, 0x000000070f400000|  0%| F|  |TAMS 0x000000070f200000| PB 0x000000070f200000| Untracked 
|  91|0x000000070f400000, 0x000000070f400000, 0x000000070f600000|  0%| F|  |TAMS 0x000000070f400000| PB 0x000000070f400000| Untracked 
|  92|0x000000070f600000, 0x000000070f600000, 0x000000070f800000|  0%| F|  |TAMS 0x000000070f600000| PB 0x000000070f600000| Untracked 
|  93|0x000000070f800000, 0x000000070f800000, 0x000000070fa00000|  0%| F|  |TAMS 0x000000070f800000| PB 0x000000070f800000| Untracked 
|  94|0x000000070fa00000, 0x000000070fa00000, 0x000000070fc00000|  0%| F|  |TAMS 0x000000070fa00000| PB 0x000000070fa00000| Untracked 
|  95|0x000000070fc00000, 0x000000070fc00000, 0x000000070fe00000|  0%| F|  |TAMS 0x000000070fc00000| PB 0x000000070fc00000| Untracked 
|  96|0x000000070fe00000, 0x000000070fe00000, 0x0000000710000000|  0%| F|  |TAMS 0x000000070fe00000| PB 0x000000070fe00000| Untracked 
|  97|0x0000000710000000, 0x000000071014f7c0, 0x0000000710200000| 65%| E|  |TAMS 0x0000000710000000| PB 0x0000000710000000| Complete 
|  98|0x0000000710200000, 0x0000000710400000, 0x0000000710400000|100%| E|CS|TAMS 0x0000000710200000| PB 0x0000000710200000| Complete 
|  99|0x0000000710400000, 0x0000000710600000, 0x0000000710600000|100%| E|CS|TAMS 0x0000000710400000| PB 0x0000000710400000| Complete 
| 100|0x0000000710600000, 0x0000000710800000, 0x0000000710800000|100%| E|CS|TAMS 0x0000000710600000| PB 0x0000000710600000| Complete 
| 101|0x0000000710800000, 0x0000000710a00000, 0x0000000710a00000|100%| E|CS|TAMS 0x0000000710800000| PB 0x0000000710800000| Complete 
| 102|0x0000000710a00000, 0x0000000710c00000, 0x0000000710c00000|100%| E|CS|TAMS 0x0000000710a00000| PB 0x0000000710a00000| Complete 
| 103|0x0000000710c00000, 0x0000000710e00000, 0x0000000710e00000|100%| E|CS|TAMS 0x0000000710c00000| PB 0x0000000710c00000| Complete 
| 104|0x0000000710e00000, 0x0000000711000000, 0x0000000711000000|100%| E|CS|TAMS 0x0000000710e00000| PB 0x0000000710e00000| Complete 
| 105|0x0000000711000000, 0x0000000711200000, 0x0000000711200000|100%| S|CS|TAMS 0x0000000711000000| PB 0x0000000711000000| Complete 
| 106|0x0000000711200000, 0x0000000711400000, 0x0000000711400000|100%| S|CS|TAMS 0x0000000711200000| PB 0x0000000711200000| Complete 
| 107|0x0000000711400000, 0x0000000711600000, 0x0000000711600000|100%| S|CS|TAMS 0x0000000711400000| PB 0x0000000711400000| Complete 
| 108|0x0000000711600000, 0x0000000711800000, 0x0000000711800000|100%| E|CS|TAMS 0x0000000711600000| PB 0x0000000711600000| Complete 
| 109|0x0000000711800000, 0x0000000711a00000, 0x0000000711a00000|100%| E|CS|TAMS 0x0000000711800000| PB 0x0000000711800000| Complete 
| 110|0x0000000711a00000, 0x0000000711c00000, 0x0000000711c00000|100%| E|CS|TAMS 0x0000000711a00000| PB 0x0000000711a00000| Complete 
| 111|0x0000000711c00000, 0x0000000711e00000, 0x0000000711e00000|100%| E|CS|TAMS 0x0000000711c00000| PB 0x0000000711c00000| Complete 
| 112|0x0000000711e00000, 0x0000000712000000, 0x0000000712000000|100%| E|CS|TAMS 0x0000000711e00000| PB 0x0000000711e00000| Complete 
| 113|0x0000000712000000, 0x0000000712200000, 0x0000000712200000|100%| E|CS|TAMS 0x0000000712000000| PB 0x0000000712000000| Complete 
| 114|0x0000000712200000, 0x0000000712400000, 0x0000000712400000|100%| E|CS|TAMS 0x0000000712200000| PB 0x0000000712200000| Complete 
| 115|0x0000000712400000, 0x0000000712600000, 0x0000000712600000|100%| E|CS|TAMS 0x0000000712400000| PB 0x0000000712400000| Complete 
| 116|0x0000000712600000, 0x0000000712800000, 0x0000000712800000|100%| E|CS|TAMS 0x0000000712600000| PB 0x0000000712600000| Complete 
| 117|0x0000000712800000, 0x0000000712a00000, 0x0000000712a00000|100%| E|CS|TAMS 0x0000000712800000| PB 0x0000000712800000| Complete 
| 118|0x0000000712a00000, 0x0000000712c00000, 0x0000000712c00000|100%| E|CS|TAMS 0x0000000712a00000| PB 0x0000000712a00000| Complete 
| 119|0x0000000712c00000, 0x0000000712e00000, 0x0000000712e00000|100%| E|CS|TAMS 0x0000000712c00000| PB 0x0000000712c00000| Complete 
| 120|0x0000000712e00000, 0x0000000713000000, 0x0000000713000000|100%| E|CS|TAMS 0x0000000712e00000| PB 0x0000000712e00000| Complete 
| 121|0x0000000713000000, 0x0000000713200000, 0x0000000713200000|100%| E|CS|TAMS 0x0000000713000000| PB 0x0000000713000000| Complete 
| 122|0x0000000713200000, 0x0000000713400000, 0x0000000713400000|100%| E|CS|TAMS 0x0000000713200000| PB 0x0000000713200000| Complete 
| 123|0x0000000713400000, 0x0000000713600000, 0x0000000713600000|100%| E|CS|TAMS 0x0000000713400000| PB 0x0000000713400000| Complete 
| 124|0x0000000713600000, 0x0000000713800000, 0x0000000713800000|100%| E|CS|TAMS 0x0000000713600000| PB 0x0000000713600000| Complete 
| 125|0x0000000713800000, 0x0000000713a00000, 0x0000000713a00000|100%| E|CS|TAMS 0x0000000713800000| PB 0x0000000713800000| Complete 
| 126|0x0000000713a00000, 0x0000000713c00000, 0x0000000713c00000|100%| E|CS|TAMS 0x0000000713a00000| PB 0x0000000713a00000| Complete 

Card table byte_map: [0x0000029d41a60000,0x0000029d42250000] _byte_map_base: 0x0000029d3e241000

Marking Bits: (CMBitMap*) 0x0000029d2cd81c80
 Bits: [0x0000029d42250000, 0x0000029d46158000)

Polling page: 0x0000029d2ccb0000

Metaspace:

Usage:
  Non-class:     15.53 MB used.
      Class:      1.90 MB used.
       Both:     17.44 MB used.

Virtual space:
  Non-class space:       64.00 MB reserved,      15.69 MB ( 25%) committed,  1 nodes.
      Class space:        1.00 GB reserved,       2.06 MB ( <1%) committed,  1 nodes.
             Both:        1.06 GB reserved,      17.75 MB (  2%) committed. 

Chunk freelists:
   Non-Class:  14.67 MB
       Class:  13.98 MB
        Both:  28.66 MB

MaxMetaspaceSize: unlimited
CompressedClassSpaceSize: 1.00 GB
Initial GC threshold: 21.00 MB
Current GC threshold: 21.00 MB
CDS: on
 - commit_granule_bytes: 65536.
 - commit_granule_words: 8192.
 - virtual_space_node_default_size: 8388608.
 - enlarge_chunks_in_place: 1.
 - use_allocation_guard: 0.


Internal statistics:

num_allocs_failed_limit: 0.
num_arena_births: 222.
num_arena_deaths: 0.
num_vsnodes_births: 2.
num_vsnodes_deaths: 0.
num_space_committed: 284.
num_space_uncommitted: 0.
num_chunks_returned_to_freelist: 0.
num_chunks_taken_from_freelist: 857.
num_chunk_merges: 0.
num_chunk_splits: 633.
num_chunks_enlarged: 536.
num_inconsistent_stats: 0.

CodeHeap 'non-profiled nmethods': size=120000Kb used=784Kb max_used=784Kb free=119215Kb
 bounds [0x0000029d392b0000, 0x0000029d39520000, 0x0000029d407e0000]
CodeHeap 'profiled nmethods': size=120000Kb used=3014Kb max_used=3014Kb free=116985Kb
 bounds [0x0000029d317e0000, 0x0000029d31ae0000, 0x0000029d38d10000]
CodeHeap 'non-nmethods': size=5760Kb used=1366Kb max_used=1422Kb free=4394Kb
 bounds [0x0000029d38d10000, 0x0000029d38f80000, 0x0000029d392b0000]
CodeCache: size=245760Kb, used=5164Kb, max_used=5220Kb, free=240594Kb
 total_blobs=2240, nmethods=1708, adapters=437, full_count=0
Compilation: enabled, stopped_count=0, restarted_count=0

Compilation events (20 events):
Event: 3.937 Thread 0x0000029d48c363f0 1655   !   3       jdk.internal.loader.URLClassPath$JarLoader::getResource (40 bytes)
Event: 3.938 Thread 0x0000029d48c363f0 nmethod 1655 0x0000029d31ab9990 code [0x0000029d31ab9ba0, 0x0000029d31aba138]
Event: 3.938 Thread 0x0000029d48c363f0 1656       3       java.util.jar.JarFile::getJarEntry (9 bytes)
Event: 3.938 Thread 0x0000029d48c363f0 nmethod 1656 0x0000029d31aba310 code [0x0000029d31aba4c0, 0x0000029d31aba778]
Event: 3.943 Thread 0x0000029d8ed66700 1657   !   4       java.util.zip.ZipFile::getEntry (59 bytes)
Event: 3.955 Thread 0x0000029d48c363f0 1658       3       jdk.internal.loader.URLClassPath$JarLoader$2::getManifest (26 bytes)
Event: 3.956 Thread 0x0000029d48c363f0 nmethod 1658 0x0000029d31aba810 code [0x0000029d31abaa60, 0x0000029d31abb1c8]
Event: 3.956 Thread 0x0000029d48c363f0 1659       3       java.util.jar.JavaUtilJarAccessImpl::ensureInitialization (5 bytes)
Event: 3.956 Thread 0x0000029d48c363f0 nmethod 1659 0x0000029d31abb590 code [0x0000029d31abb740, 0x0000029d31abb910]
Event: 3.956 Thread 0x0000029d48c363f0 1660  s!   3       java.util.jar.JarFile::ensureInitialization (59 bytes)
Event: 3.956 Thread 0x0000029d48c363f0 nmethod 1660 0x0000029d31abba10 code [0x0000029d31abbc60, 0x0000029d31abc418]
Event: 3.966 Thread 0x0000029d8ed66db0 nmethod 1654 0x0000029d3936d910 code [0x0000029d3936db60, 0x0000029d3936e930]
Event: 3.973 Thread 0x0000029d48c363f0 1661       3       org.jetbrains.kotlin.protobuf.CodedInputStream::readRawVarint32 (233 bytes)
Event: 3.974 Thread 0x0000029d48c363f0 nmethod 1661 0x0000029d31abc710 code [0x0000029d31abc900, 0x0000029d31abcf58]
Event: 3.975 Thread 0x0000029d48c330b0 1662   !   4       java.util.jar.JarFile::checkForSpecialAttributes (163 bytes)
Event: 3.981 Thread 0x0000029d8ed66db0 1663       4       java.lang.ref.Reference::refersToImpl (6 bytes)
Event: 3.983 Thread 0x0000029d8ed66db0 nmethod 1663 0x0000029d3936f390 code [0x0000029d3936f520, 0x0000029d3936f5b8]
Event: 3.986 Thread 0x0000029d48c330b0 nmethod 1662 0x0000029d3936f690 code [0x0000029d3936f8e0, 0x0000029d393700d0]
Event: 3.988 Thread 0x0000029d48c330b0 1664   !   4       java.util.zip.Inflater::inflate (456 bytes)
Event: 3.991 Thread 0x0000029d8ed66db0 1665       4       java.lang.String::substring (58 bytes)

GC Heap History (4 events):
Event: 1.439 GC heap before
{Heap before GC invocations=0 (full 0):
 garbage-first heap   total 260096K, used 24576K [0x0000000703e00000, 0x0000000800000000)
  region size 2048K, 11 young (22528K), 0 survivors (0K)
 Metaspace       used 6441K, committed 6528K, reserved 1114112K
  class space    used 587K, committed 640K, reserved 1048576K
}
Event: 1.453 GC heap after
{Heap after GC invocations=1 (full 0):
 garbage-first heap   total 260096K, used 7039K [0x0000000703e00000, 0x0000000800000000)
  region size 2048K, 2 young (4096K), 2 survivors (4096K)
 Metaspace       used 6441K, committed 6528K, reserved 1114112K
  class space    used 587K, committed 640K, reserved 1048576K
}
Event: 3.106 GC heap before
{Heap before GC invocations=1 (full 0):
 garbage-first heap   total 260096K, used 39807K [0x0000000703e00000, 0x0000000800000000)
  region size 2048K, 19 young (38912K), 2 survivors (4096K)
 Metaspace       used 15357K, committed 15744K, reserved 1114112K
  class space    used 1679K, committed 1856K, reserved 1048576K
}
Event: 3.116 GC heap after
{Heap after GC invocations=2 (full 0):
 garbage-first heap   total 260096K, used 12481K [0x0000000703e00000, 0x0000000800000000)
  region size 2048K, 3 young (6144K), 3 survivors (6144K)
 Metaspace       used 15357K, committed 15744K, reserved 1114112K
  class space    used 1679K, committed 1856K, reserved 1048576K
}

Dll operation events (14 events):
Event: 0.019 Attempting to load shared library C:\Users\negle\.antigravity-ide\extensions\redhat.java-1.56.0-win32-x64\jre\21.0.12.1-win32-x86_64\bin\java.dll
Event: 0.020 Loaded shared library C:\Users\negle\.antigravity-ide\extensions\redhat.java-1.56.0-win32-x64\jre\21.0.12.1-win32-x86_64\bin\java.dll
Event: 0.151 Attempting to load shared library C:\Users\negle\.antigravity-ide\extensions\redhat.java-1.56.0-win32-x64\jre\21.0.12.1-win32-x86_64\bin\net.dll
Event: 0.152 Loaded shared library C:\Users\negle\.antigravity-ide\extensions\redhat.java-1.56.0-win32-x64\jre\21.0.12.1-win32-x86_64\bin\net.dll
Event: 0.156 Attempting to load shared library C:\Users\negle\.antigravity-ide\extensions\redhat.java-1.56.0-win32-x64\jre\21.0.12.1-win32-x86_64\bin\nio.dll
Event: 0.157 Loaded shared library C:\Users\negle\.antigravity-ide\extensions\redhat.java-1.56.0-win32-x64\jre\21.0.12.1-win32-x86_64\bin\nio.dll
Event: 0.205 Attempting to load shared library C:\Users\negle\.antigravity-ide\extensions\redhat.java-1.56.0-win32-x64\jre\21.0.12.1-win32-x86_64\bin\zip.dll
Event: 0.206 Loaded shared library C:\Users\negle\.antigravity-ide\extensions\redhat.java-1.56.0-win32-x64\jre\21.0.12.1-win32-x86_64\bin\zip.dll
Event: 0.277 Attempting to load shared library C:\Users\negle\.antigravity-ide\extensions\redhat.java-1.56.0-win32-x64\jre\21.0.12.1-win32-x86_64\bin\zip.dll
Event: 0.277 Loaded shared library C:\Users\negle\.antigravity-ide\extensions\redhat.java-1.56.0-win32-x64\jre\21.0.12.1-win32-x86_64\bin\zip.dll
Event: 0.283 Attempting to load shared library C:\Users\negle\.antigravity-ide\extensions\redhat.java-1.56.0-win32-x64\jre\21.0.12.1-win32-x86_64\bin\jimage.dll
Event: 0.283 Loaded shared library C:\Users\negle\.antigravity-ide\extensions\redhat.java-1.56.0-win32-x64\jre\21.0.12.1-win32-x86_64\bin\jimage.dll
Event: 3.529 Attempting to load shared library C:\Users\negle\.antigravity-ide\extensions\redhat.java-1.56.0-win32-x64\jre\21.0.12.1-win32-x86_64\bin\verify.dll
Event: 3.530 Loaded shared library C:\Users\negle\.antigravity-ide\extensions\redhat.java-1.56.0-win32-x64\jre\21.0.12.1-win32-x86_64\bin\verify.dll

Deoptimization events (20 events):
Event: 3.848 Thread 0x0000029d2caf3dd0 Uncommon trap: trap_request=0xffffffde fr.pc=0x0000029d39352368 relative=0x0000000000000248
Event: 3.848 Thread 0x0000029d2caf3dd0 Uncommon trap: reason=class_check action=maybe_recompile pc=0x0000029d39352368 method=org.jetbrains.kotlin.com.intellij.openapi.util.text.StringUtilRt.equal(Ljava/lang/CharSequence;Ljava/lang/CharSequence;Z)Z @ 18 c2
Event: 3.848 Thread 0x0000029d2caf3dd0 DEOPT PACKING pc=0x0000029d39352368 sp=0x000000cb896fe1b0
Event: 3.848 Thread 0x0000029d2caf3dd0 DEOPT UNPACKING pc=0x0000029d38d64422 sp=0x000000cb896fe150 mode 2
Event: 3.848 Thread 0x0000029d2caf3dd0 Uncommon trap: trap_request=0xffffff45 fr.pc=0x0000029d39331010 relative=0x00000000000005d0
Event: 3.848 Thread 0x0000029d2caf3dd0 Uncommon trap: reason=unstable_if action=reinterpret pc=0x0000029d39331010 method=java.lang.String.<init>([CIILjava/lang/Void;)V @ 5 c2
Event: 3.848 Thread 0x0000029d2caf3dd0 DEOPT PACKING pc=0x0000029d39331010 sp=0x000000cb896fe1b0
Event: 3.848 Thread 0x0000029d2caf3dd0 DEOPT UNPACKING pc=0x0000029d38d64422 sp=0x000000cb896fe090 mode 2
Event: 3.874 Thread 0x0000029d2caf3dd0 Uncommon trap: trap_request=0xffffffde fr.pc=0x0000029d3932e33c relative=0x000000000000015c
Event: 3.874 Thread 0x0000029d2caf3dd0 Uncommon trap: reason=class_check action=maybe_recompile pc=0x0000029d3932e33c method=org.jetbrains.kotlin.com.intellij.openapi.util.text.StringUtilRt.equal(Ljava/lang/CharSequence;Ljava/lang/CharSequence;Z)Z @ 18 c2
Event: 3.874 Thread 0x0000029d2caf3dd0 DEOPT PACKING pc=0x0000029d3932e33c sp=0x000000cb896fdfa0
Event: 3.874 Thread 0x0000029d2caf3dd0 DEOPT UNPACKING pc=0x0000029d38d64422 sp=0x000000cb896fdee8 mode 2
Event: 3.878 Thread 0x0000029d2caf3dd0 Uncommon trap: trap_request=0xffffffde fr.pc=0x0000029d3933fa44 relative=0x00000000000009e4
Event: 3.879 Thread 0x0000029d2caf3dd0 Uncommon trap: reason=class_check action=maybe_recompile pc=0x0000029d3933fa44 method=org.jetbrains.kotlin.cli.jvm.compiler.jarfs.LargeDynamicMappedBuffer.withMappedRange(JJLkotlin/jvm/functions/Function1;)Ljava/lang/Object; @ 209 c2
Event: 3.879 Thread 0x0000029d2caf3dd0 DEOPT PACKING pc=0x0000029d3933fa44 sp=0x000000cb896fdea0
Event: 3.879 Thread 0x0000029d2caf3dd0 DEOPT UNPACKING pc=0x0000029d38d64422 sp=0x000000cb896fde18 mode 2
Event: 3.882 Thread 0x0000029d2caf3dd0 Uncommon trap: trap_request=0xffffff45 fr.pc=0x0000029d3934b488 relative=0x0000000000000068
Event: 3.882 Thread 0x0000029d2caf3dd0 Uncommon trap: reason=unstable_if action=reinterpret pc=0x0000029d3934b488 method=jdk.internal.misc.Unsafe.convEndian(ZI)I @ 4 c2
Event: 3.882 Thread 0x0000029d2caf3dd0 DEOPT PACKING pc=0x0000029d3934b488 sp=0x000000cb896fdd70
Event: 3.882 Thread 0x0000029d2caf3dd0 DEOPT UNPACKING pc=0x0000029d38d64422 sp=0x000000cb896fdca0 mode 2

Classes loaded (20 events):
Event: 3.524 Loading class sun/nio/ch/ChannelInputStream
Event: 3.525 Loading class sun/nio/ch/ChannelInputStream done
Event: 3.747 Loading class java/nio/file/attribute/PosixFilePermission
Event: 3.747 Loading class java/nio/file/attribute/PosixFilePermission done
Event: 3.835 Loading class sun/net/www/protocol/jar/JarURLConnection
Event: 3.835 Loading class java/net/JarURLConnection
Event: 3.836 Loading class java/net/JarURLConnection done
Event: 3.836 Loading class sun/net/www/protocol/jar/JarURLConnection done
Event: 3.836 Loading class sun/net/www/protocol/jar/JarFileFactory
Event: 3.836 Loading class sun/net/www/protocol/jar/URLJarFile$URLJarFileCloseController
Event: 3.836 Loading class sun/net/www/protocol/jar/URLJarFile$URLJarFileCloseController done
Event: 3.836 Loading class sun/net/www/protocol/jar/JarFileFactory done
Event: 3.836 Loading class sun/net/www/protocol/jar/URLJarFile
Event: 3.837 Loading class sun/net/www/protocol/jar/URLJarFile done
Event: 3.838 Loading class sun/net/www/protocol/jar/URLJarFile$URLJarFileEntry
Event: 3.839 Loading class sun/net/www/protocol/jar/URLJarFile$URLJarFileEntry done
Event: 3.839 Loading class sun/net/www/protocol/jar/JarURLConnection$JarURLInputStream
Event: 3.839 Loading class sun/net/www/protocol/jar/JarURLConnection$JarURLInputStream done
Event: 3.850 Loading class java/io/EOFException
Event: 3.850 Loading class java/io/EOFException done

Classes unloaded (0 events):
No events

Classes redefined (0 events):
No events

Internal exceptions (20 events):
Event: 1.856 Thread 0x0000029d2caf3dd0 Exception <a 'java/lang/NoSuchMethodError'{0x0000000713592ad8}: 'int java.lang.invoke.DirectMethodHandle$Holder.invokeStaticInit(java.lang.Object, java.lang.Object, java.lang.Object)'> (0x0000000713592ad8) 
thrown [s\src\hotspot\share\interpreter\linkResolver.cpp, line 773]
Event: 1.871 Thread 0x0000029d2caf3dd0 Exception <a 'java/lang/NoSuchMethodError'{0x00000007135bf1f0}: 'int java.lang.invoke.DirectMethodHandle$Holder.invokeStaticInit(java.lang.Object, java.lang.Object)'> (0x00000007135bf1f0) 
thrown [s\src\hotspot\share\interpreter\linkResolver.cpp, line 773]
Event: 1.939 Thread 0x0000029d2caf3dd0 Exception <a 'java/lang/NoSuchMethodError'{0x0000000713276018}: 'int java.lang.invoke.DirectMethodHandle$Holder.invokeStatic(java.lang.Object)'> (0x0000000713276018) 
thrown [s\src\hotspot\share\interpreter\linkResolver.cpp, line 773]
Event: 1.940 Thread 0x0000029d2caf3dd0 Exception <a 'java/lang/NoSuchMethodError'{0x0000000713279460}: 'int java.lang.invoke.DirectMethodHandle$Holder.invokeStaticInit(java.lang.Object)'> (0x0000000713279460) 
thrown [s\src\hotspot\share\interpreter\linkResolver.cpp, line 773]
Event: 1.965 Thread 0x0000029d2caf3dd0 Exception <a 'java/lang/NoSuchMethodError'{0x00000007132a0eb8}: 'java.lang.Object java.lang.invoke.DirectMethodHandle$Holder.invokeStatic(java.lang.Object, java.lang.Object, int, java.lang.Object, int)'> (0x00000007132a0eb8) 
thrown [s\src\hotspot\share\interpreter\linkResolver.cpp, line 773]
Event: 1.970 Thread 0x0000029d2caf3dd0 Exception <a 'java/lang/NoSuchMethodError'{0x00000007132a7778}: 'java.lang.Object java.lang.invoke.DirectMethodHandle$Holder.newInvokeSpecial(java.lang.Object, java.lang.Object, int)'> (0x00000007132a7778) 
thrown [s\src\hotspot\share\interpreter\linkResolver.cpp, line 773]
Event: 2.334 Thread 0x0000029d2caf3dd0 Exception <a 'java/lang/NoSuchMethodError'{0x0000000712d09290}: 'java.lang.Object java.lang.invoke.DirectMethodHandle$Holder.invokeInterface(java.lang.Object, java.lang.Object)'> (0x0000000712d09290) 
thrown [s\src\hotspot\share\interpreter\linkResolver.cpp, line 773]
Event: 2.428 Thread 0x0000029d2caf3dd0 Exception <a 'java/lang/NoSuchMethodError'{0x0000000712b7a9c8}: 'void java.lang.invoke.DirectMethodHandle$Holder.invokeStaticInit(java.lang.Object, java.lang.Object)'> (0x0000000712b7a9c8) 
thrown [s\src\hotspot\share\interpreter\linkResolver.cpp, line 773]
Event: 2.505 Thread 0x0000029d2caf3dd0 Exception <a 'java/lang/NoSuchMethodError'{0x0000000712951c88}: 'int java.lang.invoke.DirectMethodHandle$Holder.invokeVirtual(java.lang.Object, java.lang.Object, java.lang.Object)'> (0x0000000712951c88) 
thrown [s\src\hotspot\share\interpreter\linkResolver.cpp, line 773]
Event: 2.575 Thread 0x0000029d2caf3dd0 Exception <a 'java/lang/NoSuchMethodError'{0x000000071272bc08}: 'void java.lang.invoke.Invokers$Holder.invokeExact_MT(java.lang.Object, int, java.lang.Object)'> (0x000000071272bc08) 
thrown [s\src\hotspot\share\interpreter\linkResolver.cpp, line 773]
Event: 2.716 Thread 0x0000029d2caf3dd0 Exception <a 'java/lang/NoSuchMethodError'{0x00000007121f1968}: 'void java.lang.invoke.DirectMethodHandle$Holder.invokeVirtual(java.lang.Object, java.lang.Object)'> (0x00000007121f1968) 
thrown [s\src\hotspot\share\interpreter\linkResolver.cpp, line 773]
Event: 2.864 Thread 0x0000029d2caf3dd0 Exception <a 'java/lang/NoSuchMethodError'{0x0000000711c9dc80}: 'long java.lang.invoke.DirectMethodHandle$Holder.invokeStatic(java.lang.Object, java.lang.Object, int)'> (0x0000000711c9dc80) 
thrown [s\src\hotspot\share\interpreter\linkResolver.cpp, line 773]
Event: 2.866 Thread 0x0000029d2caf3dd0 Exception <a 'java/lang/NoSuchMethodError'{0x0000000711ca8f18}: 'java.lang.Object java.lang.invoke.DelegatingMethodHandle$Holder.reinvoke_L(java.lang.Object, int, long, java.lang.Object, java.lang.Object, int, java.lang.Object)'> (0x0000000711ca8f18) 
thrown [s\src\hotspot\share\interpreter\linkResolver.cpp, line 773]
Event: 2.876 Thread 0x0000029d2caf3dd0 Exception <a 'java/lang/NoSuchMethodError'{0x0000000711cd00d0}: 'java.lang.Object java.lang.invoke.DirectMethodHandle$Holder.invokeStatic(java.lang.Object, java.lang.Object, int)'> (0x0000000711cd00d0) 
thrown [s\src\hotspot\share\interpreter\linkResolver.cpp, line 773]
Event: 2.881 Thread 0x0000029d2caf3dd0 Exception <a 'java/lang/NoSuchMethodError'{0x0000000711cdafe8}: 'void java.lang.invoke.DelegatingMethodHandle$Holder.delegate(java.lang.Object, java.lang.Object, int, java.lang.Object)'> (0x0000000711cdafe8) 
thrown [s\src\hotspot\share\interpreter\linkResolver.cpp, line 773]
Event: 2.920 Thread 0x0000029d2caf3dd0 Exception <a 'java/lang/NoSuchMethodError'{0x0000000711d63bb0}: 'java.lang.Object java.lang.invoke.DirectMethodHandle$Holder.invokeStatic(java.lang.Object, java.lang.Object, long, long)'> (0x0000000711d63bb0) 
thrown [s\src\hotspot\share\interpreter\linkResolver.cpp, line 773]
Event: 2.933 Thread 0x0000029d2caf3dd0 Exception <a 'java/lang/NoSuchMethodError'{0x0000000711d91588}: 'java.lang.Object java.lang.invoke.DirectMethodHandle$Holder.invokeStatic(java.lang.Object, java.lang.Object, java.lang.Object, long, java.lang.Object)'> (0x0000000711d91588) 
thrown [s\src\hotspot\share\interpreter\linkResolver.cpp, line 773]
Event: 2.934 Thread 0x0000029d2caf3dd0 Exception <a 'java/lang/NoSuchMethodError'{0x0000000711d98b18}: 'java.lang.Object java.lang.invoke.DirectMethodHandle$Holder.newInvokeSpecial(java.lang.Object, java.lang.Object, java.lang.Object, long)'> (0x0000000711d98b18) 
thrown [s\src\hotspot\share\interpreter\linkResolver.cpp, line 773]
Event: 3.309 Thread 0x0000029d2caf3dd0 Implicit null exception at 0x0000029d393236f6 to 0x0000029d39323b28
Event: 3.332 Thread 0x0000029d2caf3dd0 Implicit null exception at 0x0000029d39333792 to 0x0000029d39333f68

ZGC Phase Switch (0 events):
No events

VM Operations (20 events):
Event: 1.439 Executing safepoint VM operation: G1CollectForAllocation (G1 Evacuation Pause)
Event: 1.453 Executing safepoint VM operation: G1CollectForAllocation (G1 Evacuation Pause) done
Event: 2.463 Executing safepoint VM operation: Cleanup
Event: 2.463 Executing safepoint VM operation: Cleanup done
Event: 2.666 Executing non-safepoint VM operation: HandshakeAllThreads (Deoptimize)
Event: 2.666 Executing non-safepoint VM operation: HandshakeAllThreads (Deoptimize) done
Event: 2.666 Executing non-safepoint VM operation: HandshakeAllThreads (Deoptimize)
Event: 2.666 Executing non-safepoint VM operation: HandshakeAllThreads (Deoptimize) done
Event: 2.809 Executing non-safepoint VM operation: HandshakeAllThreads (Deoptimize)
Event: 2.809 Executing non-safepoint VM operation: HandshakeAllThreads (Deoptimize) done
Event: 2.817 Executing non-safepoint VM operation: HandshakeAllThreads (Deoptimize)
Event: 2.817 Executing non-safepoint VM operation: HandshakeAllThreads (Deoptimize) done
Event: 2.875 Executing non-safepoint VM operation: HandshakeAllThreads (Deoptimize)
Event: 2.875 Executing non-safepoint VM operation: HandshakeAllThreads (Deoptimize) done
Event: 3.106 Executing safepoint VM operation: G1CollectForAllocation (G1 Evacuation Pause)
Event: 3.116 Executing safepoint VM operation: G1CollectForAllocation (G1 Evacuation Pause) done
Event: 3.837 Executing non-safepoint VM operation: HandshakeAllThreads (Deoptimize)
Event: 3.837 Executing non-safepoint VM operation: HandshakeAllThreads (Deoptimize) done
Event: 3.838 Executing non-safepoint VM operation: HandshakeAllThreads (Deoptimize)
Event: 3.838 Executing non-safepoint VM operation: HandshakeAllThreads (Deoptimize) done

Memory protections (0 events):
No events

Nmethod flushes (0 events):
No events

Events (17 events):
Event: 0.048 Thread 0x0000029d2caf3dd0 Thread added: 0x0000029d2caf3dd0
Event: 0.075 Thread 0x0000029d2caf3dd0 Thread added: 0x0000029d48c26510
Event: 0.076 Thread 0x0000029d2caf3dd0 Thread added: 0x0000029d48c27c90
Event: 0.078 Thread 0x0000029d2caf3dd0 Thread added: 0x0000029d48c2c430
Event: 0.078 Thread 0x0000029d2caf3dd0 Thread added: 0x0000029d48c30b00
Event: 0.079 Thread 0x0000029d2caf3dd0 Thread added: 0x0000029d48c31560
Event: 0.079 Thread 0x0000029d2caf3dd0 Thread added: 0x0000029d48c32320
Event: 0.079 Thread 0x0000029d2caf3dd0 Thread added: 0x0000029d48c330b0
Event: 0.079 Thread 0x0000029d2caf3dd0 Thread added: 0x0000029d48c363f0
Event: 0.141 Thread 0x0000029d2caf3dd0 Thread added: 0x0000029d8e112fa0
Event: 0.146 Thread 0x0000029d2caf3dd0 Thread added: 0x0000029d8e123800
Event: 0.186 Thread 0x0000029d48c330b0 Thread added: 0x0000029d8e12e520
Event: 0.724 Thread 0x0000029d8e12e520 Thread exited: 0x0000029d8e12e520
Event: 0.814 Thread 0x0000029d48c363f0 Thread added: 0x0000029d8e49fac0
Event: 1.019 Thread 0x0000029d8e49fac0 Thread exited: 0x0000029d8e49fac0
Event: 3.034 Thread 0x0000029d48c330b0 Thread added: 0x0000029d8ed66700
Event: 3.034 Thread 0x0000029d48c330b0 Thread added: 0x0000029d8ed66db0


Dynamic libraries:
0x00007ff6beb30000 - 0x00007ff6beb3e000 	C:\Users\negle\.antigravity-ide\extensions\redhat.java-1.56.0-win32-x64\jre\21.0.12.1-win32-x86_64\bin\java.exe
0x00007ff9a23a0000 - 0x00007ff9a2607000 	C:\WINDOWS\SYSTEM32\ntdll.dll
0x00007ff9a0d40000 - 0x00007ff9a0e0b000 	C:\WINDOWS\System32\KERNEL32.DLL
0x00007ff99f9c0000 - 0x00007ff99fdc2000 	C:\WINDOWS\System32\KERNELBASE.dll
0x00007ff99fdd0000 - 0x00007ff99ff1c000 	C:\WINDOWS\System32\ucrtbase.dll
0x00007ff993ee0000 - 0x00007ff993ef8000 	C:\Users\negle\.antigravity-ide\extensions\redhat.java-1.56.0-win32-x64\jre\21.0.12.1-win32-x86_64\bin\jli.dll
0x00007ff992930000 - 0x00007ff99294e000 	C:\Users\negle\.antigravity-ide\extensions\redhat.java-1.56.0-win32-x64\jre\21.0.12.1-win32-x86_64\bin\VCRUNTIME140.dll
0x00007ff9a20a0000 - 0x00007ff9a226f000 	C:\WINDOWS\System32\USER32.dll
0x00007ff99f660000 - 0x00007ff99f687000 	C:\WINDOWS\System32\win32u.dll
0x00007ff98d8b0000 - 0x00007ff98db40000 	C:\WINDOWS\WinSxS\amd64_microsoft.windows.common-controls_6595b64144ccf1df_6.0.26100.9278_none_3e0d1ba8e3303201\COMCTL32.dll
0x00007ff9a0aa0000 - 0x00007ff9a0b49000 	C:\WINDOWS\System32\msvcrt.dll
0x00007ff9a0630000 - 0x00007ff9a065b000 	C:\WINDOWS\System32\GDI32.dll
0x00007ff99f7d0000 - 0x00007ff99f8f9000 	C:\WINDOWS\System32\gdi32full.dll
0x00007ff99f690000 - 0x00007ff99f733000 	C:\WINDOWS\System32\msvcp_win.dll
0x00007ff9a0660000 - 0x00007ff9a0691000 	C:\WINDOWS\System32\IMM32.DLL
0x00007ff96fb70000 - 0x00007ff96fb7c000 	C:\Users\negle\.antigravity-ide\extensions\redhat.java-1.56.0-win32-x64\jre\21.0.12.1-win32-x86_64\bin\vcruntime140_1.dll
0x00007ff92c700000 - 0x00007ff92c78d000 	C:\Users\negle\.antigravity-ide\extensions\redhat.java-1.56.0-win32-x64\jre\21.0.12.1-win32-x86_64\bin\msvcp140.dll
0x00007ff8baad0000 - 0x00007ff8bb872000 	C:\Users\negle\.antigravity-ide\extensions\redhat.java-1.56.0-win32-x64\jre\21.0.12.1-win32-x86_64\bin\server\jvm.dll
0x00007ff9a2280000 - 0x00007ff9a233c000 	C:\WINDOWS\System32\ADVAPI32.dll
0x00007ff9a0c90000 - 0x00007ff9a0d39000 	C:\WINDOWS\System32\sechost.dll
0x00007ff9a0b50000 - 0x00007ff9a0c68000 	C:\WINDOWS\System32\RPCRT4.dll
0x00007ff9a09a0000 - 0x00007ff9a0a20000 	C:\WINDOWS\System32\WS2_32.dll
0x00007ff99f420000 - 0x00007ff99f47e000 	C:\WINDOWS\SYSTEM32\POWRPROF.dll
0x00007ff98d720000 - 0x00007ff98d756000 	C:\WINDOWS\SYSTEM32\WINMM.dll
0x00007ff9994b0000 - 0x00007ff9994bb000 	C:\WINDOWS\SYSTEM32\VERSION.dll
0x00007ff99f400000 - 0x00007ff99f415000 	C:\WINDOWS\SYSTEM32\UMPDC.dll
0x00007ff99e230000 - 0x00007ff99e24b000 	C:\WINDOWS\SYSTEM32\kernel.appcore.dll
0x00007ff96f330000 - 0x00007ff96f33a000 	C:\Users\negle\.antigravity-ide\extensions\redhat.java-1.56.0-win32-x64\jre\21.0.12.1-win32-x86_64\bin\jimage.dll
0x00007ff98f090000 - 0x00007ff98f2dc000 	C:\WINDOWS\SYSTEM32\DBGHELP.DLL
0x00007ff9a1c10000 - 0x00007ff9a1f95000 	C:\WINDOWS\System32\combase.dll
0x00007ff9a1b30000 - 0x00007ff9a1c09000 	C:\WINDOWS\System32\OLEAUT32.dll
0x00007ff97bd50000 - 0x00007ff97bd8b000 	C:\WINDOWS\SYSTEM32\dbgcore.DLL
0x00007ff99f5a0000 - 0x00007ff99f64c000 	C:\WINDOWS\System32\bcryptPrimitives.dll
0x00007ff96e4e0000 - 0x00007ff96e500000 	C:\Users\negle\.antigravity-ide\extensions\redhat.java-1.56.0-win32-x64\jre\21.0.12.1-win32-x86_64\bin\java.dll
0x00007ff9a0ea0000 - 0x00007ff9a1638000 	C:\WINDOWS\System32\SHELL32.dll
0x00007ff99cfe0000 - 0x00007ff99d88e000 	C:\WINDOWS\SYSTEM32\windows.storage.dll
0x00007ff9a02a0000 - 0x00007ff9a039b000 	C:\WINDOWS\System32\SHCORE.dll
0x00007ff9a0a30000 - 0x00007ff9a0a96000 	C:\WINDOWS\System32\shlwapi.dll
0x00007ff99f4c0000 - 0x00007ff99f4e9000 	C:\WINDOWS\SYSTEM32\profapi.dll
0x00007ff979230000 - 0x00007ff979240000 	C:\Users\negle\.antigravity-ide\extensions\redhat.java-1.56.0-win32-x64\jre\21.0.12.1-win32-x86_64\bin\net.dll
0x00007ff9946c0000 - 0x00007ff9947ea000 	C:\WINDOWS\SYSTEM32\WINHTTP.dll
0x00007ff99e7d0000 - 0x00007ff99e83c000 	C:\WINDOWS\system32\mswsock.dll
0x00007ff968ee0000 - 0x00007ff968ef6000 	C:\Users\negle\.antigravity-ide\extensions\redhat.java-1.56.0-win32-x64\jre\21.0.12.1-win32-x86_64\bin\nio.dll
0x00007ff93b4b0000 - 0x00007ff93b4c8000 	C:\Users\negle\.antigravity-ide\extensions\redhat.java-1.56.0-win32-x64\jre\21.0.12.1-win32-x86_64\bin\zip.dll
0x00007ff979220000 - 0x00007ff979230000 	C:\Users\negle\.antigravity-ide\extensions\redhat.java-1.56.0-win32-x64\jre\21.0.12.1-win32-x86_64\bin\verify.dll

JVMTI agents: none

dbghelp: loaded successfully - version: 4.0.5 - missing functions: none
symbol engine: initialized successfully - sym options: 0x614 - pdb path: .;C:\Users\negle\.antigravity-ide\extensions\redhat.java-1.56.0-win32-x64\jre\21.0.12.1-win32-x86_64\bin;C:\WINDOWS\SYSTEM32;C:\WINDOWS\WinSxS\amd64_microsoft.windows.common-controls_6595b64144ccf1df_6.0.26100.9278_none_3e0d1ba8e3303201;C:\Users\negle\.antigravity-ide\extensions\redhat.java-1.56.0-win32-x64\jre\21.0.12.1-win32-x86_64\bin\server

VM Arguments:
java_command: org.jetbrains.kotlin.cli.jvm.K2JVMCompiler @D:\Web\PetHorizon\PetHorizon_App\node_modules\expo-modules-autolinking\android\expo-gradle-plugin\expo-autolinking-settings-plugin\build\20261007_6225832556659601619.compiler.options
java_class_path (initial): C:\Users\negle\.gradle\caches\modules-2\files-2.1\org.jetbrains.kotlin\kotlin-compiler-embeddable\2.1.20\4ef56b3316798316bfac7a0ae443391c9e900ea1\kotlin-compiler-embeddable-2.1.20.jar;C:\Users\negle\.gradle\caches\modules-2\files-2.1\org.jetbrains.kotlin\kotlin-stdlib\2.1.20\aa8ca79cd50578314f6d1180c47cbe14c0fee567\kotlin-stdlib-2.1.20.jar;C:\Users\negle\.gradle\caches\modules-2\files-2.1\org.jetbrains.kotlin\kotlin-script-runtime\2.1.20\f7c623d7f7bdb01f5ccd6b437bc0a937fcd7c57e\kotlin-script-runtime-2.1.20.jar;C:\Users\negle\.gradle\caches\modules-2\files-2.1\org.jetbrains.kotlin\kotlin-reflect\1.6.10\1cbe9c92c12a94eea200d23c2bbaedaf3daf5132\kotlin-reflect-1.6.10.jar;C:\Users\negle\.gradle\caches\modules-2\files-2.1\org.jetbrains.kotlin\kotlin-daemon-embeddable\2.1.20\95670fce77befd02a70a0bc3abe8ee4533521334\kotlin-daemon-embeddable-2.1.20.jar;C:\Users\negle\.gradle\caches\modules-2\files-2.1\org.jetbrains.intellij.deps\trove4j\1.0.20200330\3afb14d5f9ceb459d724e907a21145e8ff394f02\trove4j-1.0.20200330.jar;C:\Users\negle\.gradle\caches\modules-2\files-2.1\org.jetbrains.kotlinx\kotlinx-coroutines-core-jvm\1.8.0\ac1dc37a30a93150b704022f8d895ee1bd3a36b3\kotlinx-coroutines-core-jvm-1.8.0.jar;C:\Users\negle\.gradle\caches\modules-2\files-2.1\org.jetbrains\annotations\13.0\919f0dfe192fb4e063e7dacadee7f8bb9a2672a9\annotations-13.0.jar
Launcher Type: SUN_STANDARD

[Global flags]
     intx CICompilerCount                          = 4                                         {product} {ergonomic}
     uint ConcGCThreads                            = 2                                         {product} {ergonomic}
     uint G1ConcRefinementThreads                  = 8                                         {product} {ergonomic}
   size_t G1HeapRegionSize                         = 2097152                                   {product} {ergonomic}
    uintx GCDrainStackTargetSize                   = 64                                        {product} {ergonomic}
   size_t InitialHeapSize                          = 266338304                                 {product} {ergonomic}
   size_t MarkStackSize                            = 4194304                                   {product} {ergonomic}
   size_t MaxHeapSize                              = 4229955584                                {product} {ergonomic}
   size_t MaxNewSize                               = 2537553920                                {product} {ergonomic}
   size_t MinHeapDeltaBytes                        = 2097152                                   {product} {ergonomic}
   size_t MinHeapSize                              = 8388608                                   {product} {ergonomic}
    uintx NonNMethodCodeHeapSize                   = 5839372                                {pd product} {ergonomic}
    uintx NonProfiledCodeHeapSize                  = 122909434                              {pd product} {ergonomic}
    uintx ProfiledCodeHeapSize                     = 122909434                              {pd product} {ergonomic}
    uintx ReservedCodeCacheSize                    = 251658240                              {pd product} {ergonomic}
     bool SegmentedCodeCache                       = true                                      {product} {ergonomic}
   size_t SoftMaxHeapSize                          = 4229955584                             {manageable} {ergonomic}
     bool UseCompressedOops                        = true                           {product lp64_product} {ergonomic}
     bool UseG1GC                                  = true                                      {product} {ergonomic}
     bool UseLargePagesIndividualAllocation        = false                                  {pd product} {ergonomic}

Logging:
Log output configuration:
 #0: stdout all=warning uptime,level,tags foldmultilines=false
 #1: stderr all=off uptime,level,tags foldmultilines=false

Release file:
JAVA_VERSION="21.0.12.1" 
MODULES="java.base java.compiler java.datatransfer java.xml java.prefs java.desktop java.instrument java.logging java.management java.security.sasl java.naming java.rmi java.management.rmi java.net.http java.scripting java.security.jgss java.transaction.xa java.sql java.sql.rowset java.xml.crypto java.se java.smartcardio jdk.accessibility jdk.internal.jvmstat jdk.attach jdk.charsets jdk.internal.opt jdk.zipfs jdk.compiler jdk.crypto.ec jdk.crypto.cryptoki jdk.crypto.mscapi jdk.dynalink jdk.internal.ed jdk.editpad jdk.hotspot.agent jdk.httpserver jdk.internal.le jdk.internal.vm.ci jdk.internal.vm.compiler jdk.internal.vm.compiler.management jdk.jartool jdk.javadoc jdk.jcmd jdk.management jdk.management.agent jdk.jconsole jdk.jdeps jdk.jdwp.agent jdk.jdi jdk.jfr jdk.jshell jdk.jsobject jdk.jstatd jdk.localedata jdk.management.jfr jdk.naming.dns jdk.naming.rmi jdk.net jdk.nio.mapmode jdk.random jdk.sctp jdk.security.auth jdk.security.jgss jdk.unsupported jdk.unsupported.desktop jdk.xml.dom" 

Environment Variables:
JAVA_HOME=C:\Program Files\Android\Android Studio\jbr
PATH=C:\WINDOWS\system32;C:\WINDOWS;C:\WINDOWS\System32\Wbem;C:\WINDOWS\System32\WindowsPowerShell\v1.0\;C:\WINDOWS\System32\OpenSSH\;C:\Program Files\nodejs\;C:\Program Files\Git\cmd;C:\ProgramData\ComposerSetup\bin;C:\WINDOWS\system32;C:\WINDOWS;C:\WINDOWS\System32\Wbem;C:\WINDOWS\System32\WindowsPowerShell\v1.0\;C:\WINDOWS\System32\OpenSSH\;C:\Program Files\nodejs\;C:\Program Files\Git\cmd;C:\Users\negle\AppData\Local\Microsoft\WindowsApps;C:\Users\negle\AppData\Local\Python\bin;C:\Users\negle\AppData\Roaming\npm;C:\Users\negle\AppData\Local\Programs\Antigravity IDE\bin;C:\xampp\php;C:\Users\negle\AppData\Roaming\Composer\vendor\bin;C:\Program Files\Android\Android Studio\jbr\bin
USERNAME=negle
OS=Windows_NT
PROCESSOR_IDENTIFIER=Intel64 Family 6 Model 142 Stepping 12, GenuineIntel
TMP=C:\Users\negle\AppData\Local\Temp
TEMP=C:\Users\negle\AppData\Local\Temp




Periodic native trim disabled

---------------  S Y S T E M  ---------------

OS:
 Windows 11 , 64 bit Build 26100 (10.0.26100.9444)
OS uptime: 3 days 11:49 hours
Hyper-V role detected

CPU: total 8 (initial active 8) (4 cores per cpu, 2 threads per core) family 6 model 142 stepping 12 microcode 0xf0, cx8, cmov, fxsr, ht, mmx, 3dnowpref, sse, sse2, sse3, ssse3, sse4.1, sse4.2, popcnt, lzcnt, tsc, tscinvbit, avx, avx2, aes, erms, clmul, bmi1, bmi2, adx, fma, vzeroupper, clflush, clflushopt, hv, rdtscp, f16c
Processor Information for the first 8 processors :
  Max Mhz: 2112, Current Mhz: 804, Mhz Limit: 802

Memory: 4k page, system-wide physical 16131M (740M free)
TotalPageFile size 33431M (AvailPageFile size 0M)
current process WorkingSet (physical memory assigned to process): 150M, peak: 150M
current process commit charge ("private bytes"): 380M, peak: 381M

vm_info: OpenJDK 64-Bit Server VM (21.0.12.1+1-LTS) for windows-amd64 JRE (21.0.12.1+1-LTS), built on 2026-08-18T00:00:00Z by "admin" with MS VC++ 17.12 (VS2022)

END.
