#
# There is insufficient memory for the Java Runtime Environment to continue.
# Native memory allocation (malloc) failed to allocate 1829936 bytes. Error detail: Chunk::new
# Possible reasons:
#   The system is out of physical RAM or swap space
#   This process is running with CompressedOops enabled, and the Java Heap may be blocking the growth of the native heap
# Possible solutions:
#   Reduce memory load on the system
#   Increase physical memory or swap space
#   Check if swap backing store is full
#   Decrease Java heap size (-Xmx/-Xms)
#   Decrease number of Java threads
#   Decrease Java thread stack sizes (-Xss)
#   Set larger code cache with -XX:ReservedCodeCacheSize=
#   JVM is running with Zero Based Compressed Oops mode in which the Java heap is
#     placed in the first 32GB address space. The Java Heap base address is the
#     maximum limit for the native heap growth. Please use -XX:HeapBaseMinAddress
#     to set the Java Heap base and to place the Java Heap above 32GB virtual address.
# This output file may be truncated or incomplete.
#
#  Out of Memory Error (arena.cpp:168), pid=20044, tid=23176
#
# JRE version: OpenJDK Runtime Environment Temurin-21.0.12.1+1 (21.0.12.1+1) (build 21.0.12.1+1-LTS)
# Java VM: OpenJDK 64-Bit Server VM Temurin-21.0.12.1+1 (21.0.12.1+1-LTS, mixed mode, sharing, tiered, compressed oops, compressed class ptrs, g1 gc, windows-amd64)
# No core dump will be written. Minidumps are not enabled by default on client versions of Windows
#

---------------  S U M M A R Y ------------

Command Line: org.jetbrains.kotlin.cli.jvm.K2JVMCompiler @D:\Web\PetHorizon\PetHorizon_App\node_modules\expo-modules-autolinking\android\expo-gradle-plugin\expo-autolinking-settings-plugin\build\20261007_2530574265341214291.compiler.options

Host: Intel(R) Core(TM) i7-8665U CPU @ 1.90GHz, 8 cores, 15G,  Windows 11 , 64 bit Build 26100 (10.0.26100.9444)
Time: Wed Oct  7 01:34:59 2026 Pakistan Standard Time elapsed time: 8.456630 seconds (0d 0h 0m 8s)

---------------  T H R E A D  ---------------

Current thread (0x000001a0234abbd0):  JavaThread "C2 CompilerThread1" daemon [_thread_in_native, id=23176, stack(0x0000002426900000,0x0000002426a00000) (1024K)]


Current CompileTask:
C2:8456 2978       4       java.lang.invoke.MethodType::methodType (69 bytes)

Stack: [0x0000002426900000,0x0000002426a00000]
Native frames: (J=compiled Java code, j=interpreted, Vv=VM code, C=native code)
V  [jvm.dll+0x6d83e9]
V  [jvm.dll+0x8b5736]
V  [jvm.dll+0x8b7cee]
V  [jvm.dll+0x8b83d3]
V  [jvm.dll+0x284596]
V  [jvm.dll+0xc685d]
V  [jvm.dll+0xc6da1]
V  [jvm.dll+0x3bf151]
V  [jvm.dll+0x38b6d2]
V  [jvm.dll+0x38ab1a]
V  [jvm.dll+0x24c700]
V  [jvm.dll+0x24bce0]
V  [jvm.dll+0x1cb4ae]
V  [jvm.dll+0x25baad]
V  [jvm.dll+0x25a03a]
V  [jvm.dll+0x3f8aae]
V  [jvm.dll+0x8600cd]
V  [jvm.dll+0x6d6c1d]
C  [ucrtbase.dll+0x2cd30]
C  [KERNEL32.DLL+0x2cd87]
C  [ntdll.dll+0xacaec]


---------------  P R O C E S S  ---------------

Threads class SMR info:
_java_thread_list=0x000001a027cd9c10, length=12, elements={
0x0000019fc0be3710, 0x0000019fdcf68dd0, 0x0000019fdcf6b840, 0x0000019fdcf6f650,
0x0000019fdcf72320, 0x0000019fdcf74040, 0x0000019fdcf7cbe0, 0x0000019fdcf83d90,
0x0000019fdcf9a6a0, 0x000001a02211da10, 0x000001a02211e0a0, 0x000001a0234abbd0
}

Java Threads: ( => current thread )
  0x0000019fc0be3710 JavaThread "main"                              [_thread_in_Java, id=28580, stack(0x0000002425100000,0x0000002425200000) (1024K)]
  0x0000019fdcf68dd0 JavaThread "Reference Handler"          daemon [_thread_blocked, id=872, stack(0x0000002425900000,0x0000002425a00000) (1024K)]
  0x0000019fdcf6b840 JavaThread "Finalizer"                  daemon [_thread_blocked, id=24128, stack(0x0000002425a00000,0x0000002425b00000) (1024K)]
  0x0000019fdcf6f650 JavaThread "Signal Dispatcher"          daemon [_thread_blocked, id=23360, stack(0x0000002425b00000,0x0000002425c00000) (1024K)]
  0x0000019fdcf72320 JavaThread "Attach Listener"            daemon [_thread_blocked, id=30612, stack(0x0000002425c00000,0x0000002425d00000) (1024K)]
  0x0000019fdcf74040 JavaThread "Service Thread"             daemon [_thread_blocked, id=16968, stack(0x0000002425d00000,0x0000002425e00000) (1024K)]
  0x0000019fdcf7cbe0 JavaThread "Monitor Deflation Thread"   daemon [_thread_blocked, id=26560, stack(0x0000002425e00000,0x0000002425f00000) (1024K)]
  0x0000019fdcf83d90 JavaThread "C2 CompilerThread0"         daemon [_thread_in_native, id=22840, stack(0x0000002425f00000,0x0000002426000000) (1024K)]
  0x0000019fdcf9a6a0 JavaThread "C1 CompilerThread0"         daemon [_thread_blocked, id=1728, stack(0x0000002426000000,0x0000002426100000) (1024K)]
  0x000001a02211da10 JavaThread "Notification Thread"        daemon [_thread_blocked, id=22984, stack(0x0000002426100000,0x0000002426200000) (1024K)]
  0x000001a02211e0a0 JavaThread "Common-Cleaner"             daemon [_thread_blocked, id=26400, stack(0x0000002426200000,0x0000002426300000) (1024K)]
=>0x000001a0234abbd0 JavaThread "C2 CompilerThread1"         daemon [_thread_in_native, id=23176, stack(0x0000002426900000,0x0000002426a00000) (1024K)]
Total: 12

Other Threads:
  0x0000019fdcf4c180 VMThread "VM Thread"                           [id=22620, stack(0x0000002425800000,0x0000002425900000) (1024K)]
  0x0000019fdcf3c1e0 WatcherThread "VM Periodic Task Thread"        [id=2468, stack(0x0000002425700000,0x0000002425800000) (1024K)]
  0x0000019fc3170400 WorkerThread "GC Thread#0"                     [id=15520, stack(0x0000002425200000,0x0000002425300000) (1024K)]
  0x000001a0226e9b70 WorkerThread "GC Thread#1"                     [id=3456, stack(0x0000002426300000,0x0000002426400000) (1024K)]
  0x000001a02272df80 WorkerThread "GC Thread#2"                     [id=27456, stack(0x0000002426400000,0x0000002426500000) (1024K)]
  0x000001a02272e330 WorkerThread "GC Thread#3"                     [id=30232, stack(0x0000002426500000,0x0000002426600000) (1024K)]
  0x000001a02272e6e0 WorkerThread "GC Thread#4"                     [id=19496, stack(0x0000002426600000,0x0000002426700000) (1024K)]
  0x000001a022727920 WorkerThread "GC Thread#5"                     [id=14420, stack(0x0000002426700000,0x0000002426800000) (1024K)]
  0x000001a022cb2b10 WorkerThread "GC Thread#6"                     [id=28564, stack(0x0000002426a00000,0x0000002426b00000) (1024K)]
  0x000001a022d38f20 WorkerThread "GC Thread#7"                     [id=22928, stack(0x0000002426b00000,0x0000002426c00000) (1024K)]
  0x0000019fc3181810 ConcurrentGCThread "G1 Main Marker"            [id=18808, stack(0x0000002425300000,0x0000002425400000) (1024K)]
  0x0000019fc3182320 WorkerThread "G1 Conc#0"                       [id=25304, stack(0x0000002425400000,0x0000002425500000) (1024K)]
  0x000001a0230006c0 WorkerThread "G1 Conc#1"                       [id=20400, stack(0x0000002426800000,0x0000002426900000) (1024K)]
  0x0000019fdcdff560 ConcurrentGCThread "G1 Refine#0"               [id=10468, stack(0x0000002425500000,0x0000002425600000) (1024K)]
  0x0000019fdce032a0 ConcurrentGCThread "G1 Service"                [id=26156, stack(0x0000002425600000,0x0000002425700000) (1024K)]
Total: 15

Threads with active compile tasks:
C2 CompilerThread0  8490 2967       4       java.lang.ClassLoader::loadClass (7 bytes)
C2 CompilerThread1  8490 2978       4       java.lang.invoke.MethodType::methodType (69 bytes)
Total: 2

VM state: not at safepoint (normal execution)

VM Mutex/Monitor currently owned by a thread: None

Heap address: 0x0000000703e00000, size: 4034 MB, Compressed Oops mode: Zero based, Oop shift amount: 3

CDS archive(s) mapped at: [0x0000019fdd000000-0x0000019fddba0000-0x0000019fddba0000), size 12189696, SharedBaseAddress: 0x0000019fdd000000, ArchiveRelocationMode: 1.
Compressed class space mapped at: 0x0000019fde000000-0x000001a01e000000, reserved size: 1073741824
Narrow klass base: 0x0000019fdd000000, Narrow klass shift: 0, Narrow klass range: 0x100000000

GC Precious Log:
 CardTable entry size: 512
 Card Set container configuration: InlinePtr #cards 4 size 8 Array Of Cards #cards 16 size 48 Howl #buckets 8 coarsen threshold 3686 Howl Bitmap #cards 512 size 80 coarsen threshold 460 Card regions per heap region 1 cards per card region 4096
 CPUs: 8 total, 8 available
 Memory: 16131M
 Large Page Support: Disabled
 NUMA Support: Disabled
 Compressed Oops: Enabled (Zero based)
 Heap Region Size: 2M
 Heap Min Capacity: 8M
 Heap Initial Capacity: 254M
 Heap Max Capacity: 4034M
 Pre-touch: Disabled
 Parallel Workers: 8
 Concurrent Workers: 2
 Concurrent Refinement Workers: 8
 Periodic GC: Disabled

Heap:
 garbage-first heap   total 110592K, used 53192K [0x0000000703e00000, 0x0000000800000000)
  region size 2048K, 11 young (22528K), 3 survivors (6144K)
 Metaspace       used 40375K, committed 40640K, reserved 1114112K
  class space    used 4893K, committed 4992K, reserved 1048576K

Heap Regions: E=young(eden), S=young(survivor), O=old, HS=humongous(starts), HC=humongous(continues), CS=collection set, F=free, TAMS=top-at-mark-start, PB=parsable bottom
|   0|0x0000000703e00000, 0x0000000704000000, 0x0000000704000000|100%|HS|  |TAMS 0x0000000703e00000| PB 0x0000000703e00000| Complete 
|   1|0x0000000704000000, 0x0000000704200000, 0x0000000704200000|100%|HC|  |TAMS 0x0000000704000000| PB 0x0000000704000000| Complete 
|   2|0x0000000704200000, 0x0000000704400000, 0x0000000704400000|100%| O|  |TAMS 0x0000000704200000| PB 0x0000000704200000| Untracked 
|   3|0x0000000704400000, 0x0000000704600000, 0x0000000704600000|100%| O|  |TAMS 0x0000000704400000| PB 0x0000000704400000| Untracked 
|   4|0x0000000704600000, 0x0000000704800000, 0x0000000704800000|100%| O|  |TAMS 0x0000000704600000| PB 0x0000000704600000| Untracked 
|   5|0x0000000704800000, 0x0000000704800000, 0x0000000704a00000|  0%| F|  |TAMS 0x0000000704800000| PB 0x0000000704800000| Untracked 
|   6|0x0000000704a00000, 0x0000000704c00000, 0x0000000704c00000|100%| O|  |TAMS 0x0000000704a00000| PB 0x0000000704a00000| Untracked 
|   7|0x0000000704c00000, 0x0000000704e00000, 0x0000000704e00000|100%| O|  |TAMS 0x0000000704c00000| PB 0x0000000704c00000| Untracked 
|   8|0x0000000704e00000, 0x0000000705000000, 0x0000000705000000|100%| O|  |TAMS 0x0000000704e00000| PB 0x0000000704e00000| Untracked 
|   9|0x0000000705000000, 0x0000000705200000, 0x0000000705200000|100%| O|  |TAMS 0x0000000705000000| PB 0x0000000705000000| Untracked 
|  10|0x0000000705200000, 0x0000000705400000, 0x0000000705400000|100%| O|  |TAMS 0x0000000705200000| PB 0x0000000705200000| Untracked 
|  11|0x0000000705400000, 0x0000000705600000, 0x0000000705600000|100%| O|  |TAMS 0x0000000705400000| PB 0x0000000705400000| Untracked 
|  12|0x0000000705600000, 0x0000000705800000, 0x0000000705800000|100%| O|  |TAMS 0x0000000705600000| PB 0x0000000705600000| Untracked 
|  13|0x0000000705800000, 0x0000000705a00000, 0x0000000705a00000|100%| O|  |TAMS 0x0000000705800000| PB 0x0000000705800000| Untracked 
|  14|0x0000000705a00000, 0x0000000705c00000, 0x0000000705c00000|100%| O|  |TAMS 0x0000000705a00000| PB 0x0000000705a00000| Untracked 
|  15|0x0000000705c00000, 0x0000000705e00000, 0x0000000705e00000|100%| O|  |TAMS 0x0000000705c00000| PB 0x0000000705c00000| Untracked 
|  16|0x0000000705e00000, 0x0000000706000000, 0x0000000706000000|100%| O|Cm|TAMS 0x0000000705e00000| PB 0x0000000705e00000| Complete 
|  17|0x0000000706000000, 0x0000000706000000, 0x0000000706200000|  0%| F|  |TAMS 0x0000000706000000| PB 0x0000000706000000| Untracked 
|  18|0x0000000706200000, 0x0000000706200000, 0x0000000706400000|  0%| F|  |TAMS 0x0000000706200000| PB 0x0000000706200000| Untracked 
|  19|0x0000000706400000, 0x0000000706400000, 0x0000000706600000|  0%| F|  |TAMS 0x0000000706400000| PB 0x0000000706400000| Untracked 
|  20|0x0000000706600000, 0x0000000706600000, 0x0000000706800000|  0%| F|  |TAMS 0x0000000706600000| PB 0x0000000706600000| Untracked 
|  21|0x0000000706800000, 0x0000000706800000, 0x0000000706a00000|  0%| F|  |TAMS 0x0000000706800000| PB 0x0000000706800000| Untracked 
|  22|0x0000000706a00000, 0x0000000706a00000, 0x0000000706c00000|  0%| F|  |TAMS 0x0000000706a00000| PB 0x0000000706a00000| Untracked 
|  23|0x0000000706c00000, 0x0000000706c00000, 0x0000000706e00000|  0%| F|  |TAMS 0x0000000706c00000| PB 0x0000000706c00000| Untracked 
|  24|0x0000000706e00000, 0x0000000706e00000, 0x0000000707000000|  0%| F|  |TAMS 0x0000000706e00000| PB 0x0000000706e00000| Untracked 
|  25|0x0000000707000000, 0x0000000707000000, 0x0000000707200000|  0%| F|  |TAMS 0x0000000707000000| PB 0x0000000707000000| Untracked 
|  26|0x0000000707200000, 0x0000000707200000, 0x0000000707400000|  0%| F|  |TAMS 0x0000000707200000| PB 0x0000000707200000| Untracked 
|  27|0x0000000707400000, 0x0000000707400000, 0x0000000707600000|  0%| F|  |TAMS 0x0000000707400000| PB 0x0000000707400000| Untracked 
|  28|0x0000000707600000, 0x0000000707600000, 0x0000000707800000|  0%| F|  |TAMS 0x0000000707600000| PB 0x0000000707600000| Untracked 
|  29|0x0000000707800000, 0x0000000707800000, 0x0000000707a00000|  0%| F|  |TAMS 0x0000000707800000| PB 0x0000000707800000| Untracked 
|  30|0x0000000707a00000, 0x0000000707a00000, 0x0000000707c00000|  0%| F|  |TAMS 0x0000000707a00000| PB 0x0000000707a00000| Untracked 
|  31|0x0000000707c00000, 0x0000000707c00000, 0x0000000707e00000|  0%| F|  |TAMS 0x0000000707c00000| PB 0x0000000707c00000| Untracked 
|  32|0x0000000707e00000, 0x0000000707e00000, 0x0000000708000000|  0%| F|  |TAMS 0x0000000707e00000| PB 0x0000000707e00000| Untracked 
|  33|0x0000000708000000, 0x0000000708000000, 0x0000000708200000|  0%| F|  |TAMS 0x0000000708000000| PB 0x0000000708000000| Untracked 
|  34|0x0000000708200000, 0x0000000708200000, 0x0000000708400000|  0%| F|  |TAMS 0x0000000708200000| PB 0x0000000708200000| Untracked 
|  35|0x0000000708400000, 0x0000000708400000, 0x0000000708600000|  0%| F|  |TAMS 0x0000000708400000| PB 0x0000000708400000| Untracked 
|  36|0x0000000708600000, 0x0000000708600000, 0x0000000708800000|  0%| F|  |TAMS 0x0000000708600000| PB 0x0000000708600000| Untracked 
|  37|0x0000000708800000, 0x0000000708800000, 0x0000000708a00000|  0%| F|  |TAMS 0x0000000708800000| PB 0x0000000708800000| Untracked 
|  38|0x0000000708a00000, 0x0000000708a00000, 0x0000000708c00000|  0%| F|  |TAMS 0x0000000708a00000| PB 0x0000000708a00000| Untracked 
|  39|0x0000000708c00000, 0x0000000708c00000, 0x0000000708e00000|  0%| F|  |TAMS 0x0000000708c00000| PB 0x0000000708c00000| Untracked 
|  40|0x0000000708e00000, 0x0000000708e00000, 0x0000000709000000|  0%| F|  |TAMS 0x0000000708e00000| PB 0x0000000708e00000| Untracked 
|  41|0x0000000709000000, 0x00000007091f2110, 0x0000000709200000| 97%| S|CS|TAMS 0x0000000709000000| PB 0x0000000709000000| Complete 
|  42|0x0000000709200000, 0x0000000709400000, 0x0000000709400000|100%| S|CS|TAMS 0x0000000709200000| PB 0x0000000709200000| Complete 
|  81|0x000000070e000000, 0x000000070e200000, 0x000000070e200000|100%| S|CS|TAMS 0x000000070e000000| PB 0x000000070e000000| Complete 
|  82|0x000000070e200000, 0x000000070e200000, 0x000000070e400000|  0%| F|  |TAMS 0x000000070e200000| PB 0x000000070e200000| Untracked 
|  83|0x000000070e400000, 0x000000070e400000, 0x000000070e600000|  0%| F|  |TAMS 0x000000070e400000| PB 0x000000070e400000| Untracked 
|  84|0x000000070e600000, 0x000000070e7c3710, 0x000000070e800000| 88%| E|  |TAMS 0x000000070e600000| PB 0x000000070e600000| Complete 
|  85|0x000000070e800000, 0x000000070ea00000, 0x000000070ea00000|100%| E|CS|TAMS 0x000000070e800000| PB 0x000000070e800000| Complete 
|  86|0x000000070ea00000, 0x000000070ec00000, 0x000000070ec00000|100%| E|CS|TAMS 0x000000070ea00000| PB 0x000000070ea00000| Complete 
|  87|0x000000070ec00000, 0x000000070ee00000, 0x000000070ee00000|100%| E|CS|TAMS 0x000000070ec00000| PB 0x000000070ec00000| Complete 
|  88|0x000000070ee00000, 0x000000070f000000, 0x000000070f000000|100%| E|CS|TAMS 0x000000070ee00000| PB 0x000000070ee00000| Complete 
|  89|0x000000070f000000, 0x000000070f200000, 0x000000070f200000|100%| E|CS|TAMS 0x000000070f000000| PB 0x000000070f000000| Complete 
|  90|0x000000070f200000, 0x000000070f400000, 0x000000070f400000|100%| E|CS|TAMS 0x000000070f200000| PB 0x000000070f200000| Complete 
| 126|0x0000000713a00000, 0x0000000713c00000, 0x0000000713c00000|100%| E|CS|TAMS 0x0000000713a00000| PB 0x0000000713a00000| Complete 

Card table byte_map: [0x0000019fd5e30000,0x0000019fd6620000] _byte_map_base: 0x0000019fd2611000

Marking Bits: (CMBitMap*) 0x0000019fc3171320
 Bits: [0x0000019fd6620000, 0x0000019fda528000)

Polling page: 0x0000019fc0eb0000

Metaspace:

Usage:
  Non-class:     34.65 MB used.
      Class:      4.78 MB used.
       Both:     39.43 MB used.

Virtual space:
  Non-class space:       64.00 MB reserved,      34.81 MB ( 54%) committed,  1 nodes.
      Class space:        1.00 GB reserved,       4.88 MB ( <1%) committed,  1 nodes.
             Both:        1.06 GB reserved,      39.69 MB (  4%) committed. 

Chunk freelists:
   Non-Class:  12.00 MB
       Class:  11.14 MB
        Both:  23.14 MB

MaxMetaspaceSize: unlimited
CompressedClassSpaceSize: 1.00 GB
Initial GC threshold: 21.00 MB
Current GC threshold: 59.00 MB
CDS: on
 - commit_granule_bytes: 65536.
 - commit_granule_words: 8192.
 - virtual_space_node_default_size: 8388608.
 - enlarge_chunks_in_place: 1.
 - use_allocation_guard: 0.


Internal statistics:

num_allocs_failed_limit: 6.
num_arena_births: 258.
num_arena_deaths: 0.
num_vsnodes_births: 2.
num_vsnodes_deaths: 0.
num_space_committed: 634.
num_space_uncommitted: 0.
num_chunks_returned_to_freelist: 6.
num_chunks_taken_from_freelist: 1637.
num_chunk_merges: 6.
num_chunk_splits: 1338.
num_chunks_enlarged: 1201.
num_inconsistent_stats: 0.

CodeHeap 'non-profiled nmethods': size=120000Kb used=1320Kb max_used=1320Kb free=118679Kb
 bounds [0x0000019fcdde0000, 0x0000019fce050000, 0x0000019fd5310000]
CodeHeap 'profiled nmethods': size=120000Kb used=5108Kb max_used=5475Kb free=114891Kb
 bounds [0x0000019fc6310000, 0x0000019fc6870000, 0x0000019fcd840000]
CodeHeap 'non-nmethods': size=5760Kb used=1485Kb max_used=1562Kb free=4274Kb
 bounds [0x0000019fcd840000, 0x0000019fcdab0000, 0x0000019fcdde0000]
CodeCache: size=245760Kb, used=7913Kb, max_used=8357Kb, free=237844Kb
 total_blobs=3339, nmethods=2706, adapters=537, full_count=0
Compilation: enabled, stopped_count=0, restarted_count=0

Compilation events (20 events):
Event: 8.203 Thread 0x0000019fdcf9a6a0 2992       3       java.lang.invoke.InnerClassLambdaMetafactory$ForwardingMethodGenerator::convertArgumentTypes (96 bytes)
Event: 8.204 Thread 0x0000019fdcf9a6a0 nmethod 2992 0x0000019fc6357090 code [0x0000019fc6357300, 0x0000019fc6357d60]
Event: 8.204 Thread 0x0000019fdcf9a6a0 2990       3       java.lang.invoke.InnerClassLambdaMetafactory::lambdaClassName (48 bytes)
Event: 8.205 Thread 0x0000019fdcf9a6a0 nmethod 2990 0x0000019fc639c410 code [0x0000019fc639c660, 0x0000019fc639cd30]
Event: 8.205 Thread 0x0000019fdcf9a6a0 2991   !   3       java.lang.invoke.MethodHandles$Lookup::revealDirect (196 bytes)
Event: 8.207 Thread 0x0000019fdcf9a6a0 nmethod 2991 0x0000019fc6381210 code [0x0000019fc6381560, 0x0000019fc63827d8]
Event: 8.207 Thread 0x0000019fdcf9a6a0 2987       3       java.lang.invoke.BootstrapMethodInvoker::widenAndCast (47 bytes)
Event: 8.208 Thread 0x0000019fdcf9a6a0 nmethod 2987 0x0000019fc63bea90 code [0x0000019fc63bed00, 0x0000019fc63bf630]
Event: 8.208 Thread 0x0000019fdcf9a6a0 2984       3       java.lang.invoke.InnerClassLambdaMetafactory::spinInnerClass (118 bytes)
Event: 8.213 Thread 0x0000019fdcf9a6a0 nmethod 2984 0x0000019fc651fb10 code [0x0000019fc651fce0, 0x0000019fc651ffd8]
Event: 8.213 Thread 0x0000019fdcf9a6a0 2985       3       java.lang.invoke.LambdaProxyClassArchive::find (63 bytes)
Event: 8.214 Thread 0x0000019fdcf9a6a0 nmethod 2985 0x0000019fc6402690 code [0x0000019fc64028c0, 0x0000019fc6403058]
Event: 8.214 Thread 0x0000019fdcf9a6a0 2986       3       java.lang.invoke.LambdaProxyClassArchive::loadedByBuiltinLoader (22 bytes)
Event: 8.215 Thread 0x0000019fdcf9a6a0 nmethod 2986 0x0000019fc65dbb10 code [0x0000019fc65dbce0, 0x0000019fc65dc0d0]
Event: 8.215 Thread 0x0000019fdcf9a6a0 2988       3       java.lang.invoke.Invokers::callSiteForm (297 bytes)
Event: 8.217 Thread 0x0000019fdcf9a6a0 nmethod 2988 0x0000019fc6517690 code [0x0000019fc65179c0, 0x0000019fc6518da0]
Event: 8.361 Thread 0x0000019fdcf9a6a0 2994       3       org.jetbrains.kotlin.com.intellij.psi.tree.java.IJavaElementType::<init> (14 bytes)
Event: 8.362 Thread 0x0000019fdcf9a6a0 nmethod 2994 0x0000019fc6378510 code [0x0000019fc6378700, 0x0000019fc6378aa8]
Event: 8.362 Thread 0x0000019fdcf9a6a0 2995   !   3       org.jetbrains.kotlin.com.intellij.psi.tree.IElementType::<init> (287 bytes)
Event: 8.364 Thread 0x0000019fdcf9a6a0 nmethod 2995 0x0000019fc639e390 code [0x0000019fc639e8a0, 0x0000019fc63a0ce0]

GC Heap History (12 events):
Event: 1.346 GC heap before
{Heap before GC invocations=0 (full 0):
 garbage-first heap   total 260096K, used 24576K [0x0000000703e00000, 0x0000000800000000)
  region size 2048K, 11 young (22528K), 0 survivors (0K)
 Metaspace       used 6441K, committed 6528K, reserved 1114112K
  class space    used 586K, committed 640K, reserved 1048576K
}
Event: 1.351 GC heap after
{Heap after GC invocations=1 (full 0):
 garbage-first heap   total 260096K, used 7082K [0x0000000703e00000, 0x0000000800000000)
  region size 2048K, 2 young (4096K), 2 survivors (4096K)
 Metaspace       used 6441K, committed 6528K, reserved 1114112K
  class space    used 586K, committed 640K, reserved 1048576K
}
Event: 2.700 GC heap before
{Heap before GC invocations=1 (full 0):
 garbage-first heap   total 260096K, used 41898K [0x0000000703e00000, 0x0000000800000000)
  region size 2048K, 19 young (38912K), 2 survivors (4096K)
 Metaspace       used 15350K, committed 15680K, reserved 1114112K
  class space    used 1679K, committed 1856K, reserved 1048576K
}
Event: 2.708 GC heap after
{Heap after GC invocations=2 (full 0):
 garbage-first heap   total 260096K, used 12658K [0x0000000703e00000, 0x0000000800000000)
  region size 2048K, 3 young (6144K), 3 survivors (6144K)
 Metaspace       used 15350K, committed 15680K, reserved 1114112K
  class space    used 1679K, committed 1856K, reserved 1048576K
}
Event: 4.239 GC heap before
{Heap before GC invocations=2 (full 0):
 garbage-first heap   total 260096K, used 76146K [0x0000000703e00000, 0x0000000800000000)
  region size 2048K, 36 young (73728K), 3 survivors (6144K)
 Metaspace       used 21203K, committed 21504K, reserved 1114112K
  class space    used 2490K, committed 2624K, reserved 1048576K
}
Event: 4.264 GC heap after
{Heap after GC invocations=3 (full 0):
 garbage-first heap   total 260096K, used 31065K [0x0000000703e00000, 0x0000000800000000)
  region size 2048K, 10 young (20480K), 10 survivors (20480K)
 Metaspace       used 21203K, committed 21504K, reserved 1114112K
  class space    used 2490K, committed 2624K, reserved 1048576K
}
Event: 4.508 GC heap before
{Heap before GC invocations=4 (full 0):
 garbage-first heap   total 110592K, used 35161K [0x0000000703e00000, 0x0000000800000000)
  region size 2048K, 12 young (24576K), 10 survivors (20480K)
 Metaspace       used 22367K, committed 22720K, reserved 1114112K
  class space    used 2959K, committed 3136K, reserved 1048576K
}
Event: 4.535 GC heap after
{Heap after GC invocations=5 (full 0):
 garbage-first heap   total 110592K, used 34535K [0x0000000703e00000, 0x0000000800000000)
  region size 2048K, 2 young (4096K), 2 survivors (4096K)
 Metaspace       used 22367K, committed 22720K, reserved 1114112K
  class space    used 2959K, committed 3136K, reserved 1048576K
}
Event: 6.779 GC heap before
{Heap before GC invocations=5 (full 0):
 garbage-first heap   total 110592K, used 75495K [0x0000000703e00000, 0x0000000800000000)
  region size 2048K, 23 young (47104K), 2 survivors (4096K)
 Metaspace       used 32055K, committed 32384K, reserved 1114112K
  class space    used 3918K, committed 4032K, reserved 1048576K
}
Event: 6.791 GC heap after
{Heap after GC invocations=6 (full 0):
 garbage-first heap   total 110592K, used 37136K [0x0000000703e00000, 0x0000000800000000)
  region size 2048K, 3 young (6144K), 3 survivors (6144K)
 Metaspace       used 32055K, committed 32384K, reserved 1114112K
  class space    used 3918K, committed 4032K, reserved 1048576K
}
Event: 7.584 GC heap before
{Heap before GC invocations=6 (full 0):
 garbage-first heap   total 110592K, used 53520K [0x0000000703e00000, 0x0000000800000000)
  region size 2048K, 13 young (26624K), 3 survivors (6144K)
 Metaspace       used 35920K, committed 36160K, reserved 1114112K
  class space    used 4324K, committed 4416K, reserved 1048576K
}
Event: 7.599 GC heap after
{Heap after GC invocations=7 (full 0):
 garbage-first heap   total 110592K, used 38856K [0x0000000703e00000, 0x0000000800000000)
  region size 2048K, 3 young (6144K), 3 survivors (6144K)
 Metaspace       used 35920K, committed 36160K, reserved 1114112K
  class space    used 4324K, committed 4416K, reserved 1048576K
}

Dll operation events (14 events):
Event: 0.033 Attempting to load shared library C:\Users\negle\.antigravity-ide\extensions\redhat.java-1.56.0-win32-x64\jre\21.0.12.1-win32-x86_64\bin\java.dll
Event: 0.034 Loaded shared library C:\Users\negle\.antigravity-ide\extensions\redhat.java-1.56.0-win32-x64\jre\21.0.12.1-win32-x86_64\bin\java.dll
Event: 0.186 Attempting to load shared library C:\Users\negle\.antigravity-ide\extensions\redhat.java-1.56.0-win32-x64\jre\21.0.12.1-win32-x86_64\bin\net.dll
Event: 0.188 Loaded shared library C:\Users\negle\.antigravity-ide\extensions\redhat.java-1.56.0-win32-x64\jre\21.0.12.1-win32-x86_64\bin\net.dll
Event: 0.191 Attempting to load shared library C:\Users\negle\.antigravity-ide\extensions\redhat.java-1.56.0-win32-x64\jre\21.0.12.1-win32-x86_64\bin\nio.dll
Event: 0.192 Loaded shared library C:\Users\negle\.antigravity-ide\extensions\redhat.java-1.56.0-win32-x64\jre\21.0.12.1-win32-x86_64\bin\nio.dll
Event: 0.249 Attempting to load shared library C:\Users\negle\.antigravity-ide\extensions\redhat.java-1.56.0-win32-x64\jre\21.0.12.1-win32-x86_64\bin\zip.dll
Event: 0.249 Loaded shared library C:\Users\negle\.antigravity-ide\extensions\redhat.java-1.56.0-win32-x64\jre\21.0.12.1-win32-x86_64\bin\zip.dll
Event: 0.317 Attempting to load shared library C:\Users\negle\.antigravity-ide\extensions\redhat.java-1.56.0-win32-x64\jre\21.0.12.1-win32-x86_64\bin\zip.dll
Event: 0.317 Loaded shared library C:\Users\negle\.antigravity-ide\extensions\redhat.java-1.56.0-win32-x64\jre\21.0.12.1-win32-x86_64\bin\zip.dll
Event: 0.321 Attempting to load shared library C:\Users\negle\.antigravity-ide\extensions\redhat.java-1.56.0-win32-x64\jre\21.0.12.1-win32-x86_64\bin\jimage.dll
Event: 0.321 Loaded shared library C:\Users\negle\.antigravity-ide\extensions\redhat.java-1.56.0-win32-x64\jre\21.0.12.1-win32-x86_64\bin\jimage.dll
Event: 3.132 Attempting to load shared library C:\Users\negle\.antigravity-ide\extensions\redhat.java-1.56.0-win32-x64\jre\21.0.12.1-win32-x86_64\bin\verify.dll
Event: 3.133 Loaded shared library C:\Users\negle\.antigravity-ide\extensions\redhat.java-1.56.0-win32-x64\jre\21.0.12.1-win32-x86_64\bin\verify.dll

Deoptimization events (20 events):
Event: 7.426 Thread 0x0000019fc0be3710 DEOPT PACKING pc=0x0000019fcdeba648 sp=0x00000024251f8610
Event: 7.426 Thread 0x0000019fc0be3710 DEOPT UNPACKING pc=0x0000019fcd894bc2 sp=0x00000024251f7a28 mode 0
Event: 7.438 Thread 0x0000019fc0be3710 Uncommon trap: trap_request=0xffffff45 fr.pc=0x0000019fcde8cb64 relative=0x0000000000000404
Event: 7.438 Thread 0x0000019fc0be3710 Uncommon trap: reason=unstable_if action=reinterpret pc=0x0000019fcde8cb64 method=org.jetbrains.org.objectweb.asm.ClassReader.readUtf(II[C)Ljava/lang/String; @ 26 c2
Event: 7.438 Thread 0x0000019fc0be3710 DEOPT PACKING pc=0x0000019fcde8cb64 sp=0x00000024251fc0b0
Event: 7.438 Thread 0x0000019fc0be3710 DEOPT UNPACKING pc=0x0000019fcd894422 sp=0x00000024251fbfd8 mode 2
Event: 7.515 Thread 0x0000019fc0be3710 Uncommon trap: trap_request=0xffffff45 fr.pc=0x0000019fcde7f28c relative=0x000000000000024c
Event: 7.515 Thread 0x0000019fc0be3710 Uncommon trap: reason=unstable_if action=reinterpret pc=0x0000019fcde7f28c method=org.jetbrains.org.objectweb.asm.ClassReader.readUtf(II[C)Ljava/lang/String; @ 26 c2
Event: 7.515 Thread 0x0000019fc0be3710 DEOPT PACKING pc=0x0000019fcde7f28c sp=0x00000024251fc070
Event: 7.515 Thread 0x0000019fc0be3710 DEOPT UNPACKING pc=0x0000019fcd894422 sp=0x00000024251fbff8 mode 2
Event: 7.557 Thread 0x0000019fc0be3710 DEOPT PACKING pc=0x0000019fc67acec5 sp=0x00000024251fc420
Event: 7.557 Thread 0x0000019fc0be3710 DEOPT UNPACKING pc=0x0000019fcd894bc2 sp=0x00000024251fb898 mode 0
Event: 7.867 Thread 0x0000019fc0be3710 Uncommon trap: trap_request=0xffffff45 fr.pc=0x0000019fcddf43dc relative=0x000000000000011c
Event: 7.867 Thread 0x0000019fc0be3710 Uncommon trap: reason=unstable_if action=reinterpret pc=0x0000019fcddf43dc method=java.text.StringCharacterIterator.current()C @ 19 c2
Event: 7.867 Thread 0x0000019fc0be3710 DEOPT PACKING pc=0x0000019fcddf43dc sp=0x00000024251fc7f0
Event: 7.867 Thread 0x0000019fc0be3710 DEOPT UNPACKING pc=0x0000019fcd894422 sp=0x00000024251fc788 mode 2
Event: 8.400 Thread 0x0000019fc0be3710 Uncommon trap: trap_request=0xffffffdc fr.pc=0x0000019fcde1ae20 relative=0x0000000000000260
Event: 8.400 Thread 0x0000019fc0be3710 Uncommon trap: reason=class_check action=make_not_entrant pc=0x0000019fcde1ae20 method=java.util.ArrayList.toArray([Ljava/lang/Object;)[Ljava/lang/Object; @ 21 c2
Event: 8.400 Thread 0x0000019fc0be3710 DEOPT PACKING pc=0x0000019fcde1ae20 sp=0x00000024251fc260
Event: 8.400 Thread 0x0000019fc0be3710 DEOPT UNPACKING pc=0x0000019fcd894422 sp=0x00000024251fc220 mode 2

Classes loaded (20 events):
Event: 7.725 Loading class java/util/concurrent/atomic/AtomicIntegerArray
Event: 7.725 Loading class java/util/concurrent/atomic/AtomicIntegerArray done
Event: 7.725 Loading class java/util/concurrent/atomic/AtomicLongArray
Event: 7.725 Loading class java/util/concurrent/atomic/AtomicLongArray done
Event: 7.775 Loading class java/text/StringCharacterIterator
Event: 7.775 Loading class java/text/CharacterIterator
Event: 7.776 Loading class java/text/CharacterIterator done
Event: 7.776 Loading class java/text/StringCharacterIterator done
Event: 8.351 Loading class java/util/stream/IntStream
Event: 8.352 Loading class java/util/stream/IntStream done
Event: 8.352 Loading class java/util/stream/LongStream
Event: 8.353 Loading class java/util/stream/LongStream done
Event: 8.353 Loading class java/util/stream/DoubleStream
Event: 8.353 Loading class java/util/stream/DoubleStream done
Event: 8.387 Loading class java/util/AbstractList$SubList
Event: 8.388 Loading class java/util/AbstractList$SubList done
Event: 8.388 Loading class java/util/AbstractList$SubList$1
Event: 8.388 Loading class java/util/AbstractList$SubList$1 done
Event: 8.388 Loading class java/util/AbstractList$ListItr
Event: 8.388 Loading class java/util/AbstractList$ListItr done

Classes unloaded (0 events):
No events

Classes redefined (0 events):
No events

Internal exceptions (20 events):
Event: 2.415 Thread 0x0000019fc0be3710 Exception <a 'java/lang/NoSuchMethodError'{0x00000007121f4608}: 'void java.lang.invoke.DirectMethodHandle$Holder.invokeVirtual(java.lang.Object, java.lang.Object)'> (0x00000007121f4608) 
thrown [s\src\hotspot\share\interpreter\linkResolver.cpp, line 773]
Event: 2.548 Thread 0x0000019fc0be3710 Exception <a 'java/lang/NoSuchMethodError'{0x0000000711c9f2f0}: 'long java.lang.invoke.DirectMethodHandle$Holder.invokeStatic(java.lang.Object, java.lang.Object, int)'> (0x0000000711c9f2f0) 
thrown [s\src\hotspot\share\interpreter\linkResolver.cpp, line 773]
Event: 2.549 Thread 0x0000019fc0be3710 Exception <a 'java/lang/NoSuchMethodError'{0x0000000711caa588}: 'java.lang.Object java.lang.invoke.DelegatingMethodHandle$Holder.reinvoke_L(java.lang.Object, int, long, java.lang.Object, java.lang.Object, int, java.lang.Object)'> (0x0000000711caa588) 
thrown [s\src\hotspot\share\interpreter\linkResolver.cpp, line 773]
Event: 2.557 Thread 0x0000019fc0be3710 Exception <a 'java/lang/NoSuchMethodError'{0x0000000711cd1998}: 'java.lang.Object java.lang.invoke.DirectMethodHandle$Holder.invokeStatic(java.lang.Object, java.lang.Object, int)'> (0x0000000711cd1998) 
thrown [s\src\hotspot\share\interpreter\linkResolver.cpp, line 773]
Event: 2.558 Thread 0x0000019fc0be3710 Exception <a 'java/lang/NoSuchMethodError'{0x0000000711cdc8b0}: 'void java.lang.invoke.DelegatingMethodHandle$Holder.delegate(java.lang.Object, java.lang.Object, int, java.lang.Object)'> (0x0000000711cdc8b0) 
thrown [s\src\hotspot\share\interpreter\linkResolver.cpp, line 773]
Event: 2.585 Thread 0x0000019fc0be3710 Exception <a 'java/lang/NoSuchMethodError'{0x0000000711d656e8}: 'java.lang.Object java.lang.invoke.DirectMethodHandle$Holder.invokeStatic(java.lang.Object, java.lang.Object, long, long)'> (0x0000000711d656e8) 
thrown [s\src\hotspot\share\interpreter\linkResolver.cpp, line 773]
Event: 2.593 Thread 0x0000019fc0be3710 Exception <a 'java/lang/NoSuchMethodError'{0x0000000711d92418}: 'java.lang.Object java.lang.invoke.DirectMethodHandle$Holder.invokeStatic(java.lang.Object, java.lang.Object, java.lang.Object, long, java.lang.Object)'> (0x0000000711d92418) 
thrown [s\src\hotspot\share\interpreter\linkResolver.cpp, line 773]
Event: 2.593 Thread 0x0000019fc0be3710 Exception <a 'java/lang/NoSuchMethodError'{0x0000000711d999a8}: 'java.lang.Object java.lang.invoke.DirectMethodHandle$Holder.newInvokeSpecial(java.lang.Object, java.lang.Object, java.lang.Object, long)'> (0x0000000711d999a8) 
thrown [s\src\hotspot\share\interpreter\linkResolver.cpp, line 773]
Event: 2.921 Thread 0x0000019fc0be3710 Implicit null exception at 0x0000019fcde50f76 to 0x0000019fcde513a8
Event: 2.944 Thread 0x0000019fc0be3710 Implicit null exception at 0x0000019fcde63792 to 0x0000019fcde63f68
Event: 3.669 Thread 0x0000019fc0be3710 Exception <a 'java/lang/NoSuchMethodError'{0x000000070fe4dcf8}: 'java.lang.Object java.lang.invoke.DirectMethodHandle$Holder.newInvokeSpecial(java.lang.Object, java.lang.Object, java.lang.Object, java.lang.Object, java.lang.Object, java.lang.Object, java.lang.Object)'> (0x000000070fe4dcf8) 
thrown [s\src\hotspot\share\interpreter\linkResolver.cpp, line 773]
Event: 5.458 Thread 0x0000019fc0be3710 Exception <a 'java/lang/NoSuchMethodError'{0x000000070e9b51a0}: 'java.lang.Object java.lang.invoke.DirectMethodHandle$Holder.invokeStatic(java.lang.Object, int, java.lang.Object, java.lang.Object, java.lang.Object, java.lang.Object, java.lang.Object)'> (0x000000070e9b51a0) 
thrown [s\src\hotspot\share\interpreter\linkResolver.cpp, line 773]
Event: 6.008 Thread 0x0000019fc0be3710 Exception <a 'java/lang/NoSuchMethodError'{0x00000007088389e0}: 'java.lang.Object java.lang.invoke.DirectMethodHandle$Holder.invokeVirtual(java.lang.Object, java.lang.Object, java.lang.Object)'> (0x00000007088389e0) 
thrown [s\src\hotspot\share\interpreter\linkResolver.cpp, line 773]
Event: 6.808 Thread 0x0000019fc0be3710 Exception <a 'java/lang/NoSuchMethodError'{0x0000000713a8cbd0}: 'int java.lang.invoke.DirectMethodHandle$Holder.invokeStaticInit(java.lang.Object, int)'> (0x0000000713a8cbd0) 
thrown [s\src\hotspot\share\interpreter\linkResolver.cpp, line 773]
Event: 7.392 Thread 0x0000019fc0be3710 Exception <a 'java/lang/NoSuchMethodError'{0x000000070e9588d8}: 'java.lang.Object java.lang.invoke.DirectMethodHandle$Holder.newInvokeSpecial(java.lang.Object, java.lang.Object, java.lang.Object, int, java.lang.Object)'> (0x000000070e9588d8) 
thrown [s\src\hotspot\share\interpreter\linkResolver.cpp, line 773]
Event: 7.393 Thread 0x0000019fc0be3710 Exception <a 'java/lang/NoSuchMethodError'{0x000000070e95fe60}: 'java.lang.Object java.lang.invoke.Invokers$Holder.linkToTargetMethod(java.lang.Object, java.lang.Object, int, java.lang.Object, java.lang.Object)'> (0x000000070e95fe60) 
thrown [s\src\hotspot\share\interpreter\linkResolver.cpp, line 773]
Event: 7.711 Thread 0x0000019fc0be3710 Exception <a 'java/lang/NoSuchMethodError'{0x0000000713ba8c08}: 'java.lang.Object java.lang.invoke.DirectMethodHandle$Holder.newInvokeSpecial(java.lang.Object, java.lang.Object, java.lang.Object, java.lang.Object, int)'> (0x0000000713ba8c08) 
thrown [s\src\hotspot\share\interpreter\linkResolver.cpp, line 773]
Event: 7.712 Thread 0x0000019fc0be3710 Exception <a 'java/lang/NoSuchMethodError'{0x0000000713bad010}: 'java.lang.Object java.lang.invoke.DirectMethodHandle$Holder.invokeSpecial(java.lang.Object, java.lang.Object, java.lang.Object, java.lang.Object, java.lang.Object, int)'> (0x0000000713bad010) 
thrown [s\src\hotspot\share\interpreter\linkResolver.cpp, line 773]
Event: 7.712 Thread 0x0000019fc0be3710 Exception <a 'java/lang/NoSuchMethodError'{0x0000000713bb0d50}: 'java.lang.Object java.lang.invoke.Invokers$Holder.linkToTargetMethod(java.lang.Object, java.lang.Object, java.lang.Object, int, java.lang.Object)'> (0x0000000713bb0d50) 
thrown [s\src\hotspot\share\interpreter\linkResolver.cpp, line 773]
Event: 8.384 Thread 0x0000019fc0be3710 Exception <a 'java/lang/NoSuchMethodError'{0x000000070e64ddc0}: 'java.lang.Object java.lang.invoke.Invokers$Holder.invokeExact_MT(java.lang.Object, java.lang.Object, long, java.lang.Object)'> (0x000000070e64ddc0) 
thrown [s\src\hotspot\share\interpreter\linkResolver.cpp, line 773]

ZGC Phase Switch (0 events):
No events

VM Operations (20 events):
Event: 7.425 Executing non-safepoint VM operation: HandshakeAllThreads (Deoptimize)
Event: 7.426 Executing non-safepoint VM operation: HandshakeAllThreads (Deoptimize) done
Event: 7.428 Executing non-safepoint VM operation: HandshakeAllThreads (Deoptimize)
Event: 7.429 Executing non-safepoint VM operation: HandshakeAllThreads (Deoptimize) done
Event: 7.569 Executing safepoint VM operation: CollectForMetadataAllocation (Metadata GC Threshold)
Event: 7.599 Executing safepoint VM operation: CollectForMetadataAllocation (Metadata GC Threshold) done
Event: 7.655 Executing safepoint VM operation: G1PauseRemark
Event: 7.661 Executing safepoint VM operation: G1PauseRemark done
Event: 7.680 Executing safepoint VM operation: G1PauseCleanup
Event: 7.680 Executing safepoint VM operation: G1PauseCleanup done
Event: 7.770 Executing non-safepoint VM operation: HandshakeAllThreads (Deoptimize)
Event: 7.770 Executing non-safepoint VM operation: HandshakeAllThreads (Deoptimize) done
Event: 7.936 Executing non-safepoint VM operation: HandshakeAllThreads (Deoptimize)
Event: 7.936 Executing non-safepoint VM operation: HandshakeAllThreads (Deoptimize) done
Event: 8.289 Executing non-safepoint VM operation: HandshakeAllThreads (Deoptimize)
Event: 8.289 Executing non-safepoint VM operation: HandshakeAllThreads (Deoptimize) done
Event: 8.349 Executing non-safepoint VM operation: HandshakeAllThreads (Deoptimize)
Event: 8.349 Executing non-safepoint VM operation: HandshakeAllThreads (Deoptimize) done
Event: 8.389 Executing non-safepoint VM operation: HandshakeAllThreads (Deoptimize)
Event: 8.389 Executing non-safepoint VM operation: HandshakeAllThreads (Deoptimize) done

Memory protections (0 events):
No events

Nmethod flushes (20 events):
Event: 7.660 Thread 0x0000019fdcf4c180 flushing  nmethod 0x0000019fc650d790
Event: 7.660 Thread 0x0000019fdcf4c180 flushing  nmethod 0x0000019fc650e610
Event: 7.660 Thread 0x0000019fdcf4c180 flushing  nmethod 0x0000019fc650f590
Event: 7.660 Thread 0x0000019fdcf4c180 flushing  nmethod 0x0000019fc6517690
Event: 7.660 Thread 0x0000019fdcf4c180 flushing  nmethod 0x0000019fc6519090
Event: 7.660 Thread 0x0000019fdcf4c180 flushing  nmethod 0x0000019fc6519410
Event: 7.660 Thread 0x0000019fdcf4c180 flushing  nmethod 0x0000019fc651cf90
Event: 7.660 Thread 0x0000019fdcf4c180 flushing  nmethod 0x0000019fc6535210
Event: 7.660 Thread 0x0000019fdcf4c180 flushing  nmethod 0x0000019fc6535610
Event: 7.660 Thread 0x0000019fdcf4c180 flushing  nmethod 0x0000019fc6536510
Event: 7.660 Thread 0x0000019fdcf4c180 flushing  nmethod 0x0000019fc6536e10
Event: 7.660 Thread 0x0000019fdcf4c180 flushing  nmethod 0x0000019fc653d310
Event: 7.660 Thread 0x0000019fdcf4c180 flushing  nmethod 0x0000019fc6546890
Event: 7.660 Thread 0x0000019fdcf4c180 flushing  nmethod 0x0000019fc657a610
Event: 7.660 Thread 0x0000019fdcf4c180 flushing  nmethod 0x0000019fc6581b90
Event: 7.660 Thread 0x0000019fdcf4c180 flushing  nmethod 0x0000019fc6582010
Event: 7.660 Thread 0x0000019fdcf4c180 flushing  nmethod 0x0000019fc65d3110
Event: 7.660 Thread 0x0000019fdcf4c180 flushing  nmethod 0x0000019fc65db810
Event: 7.660 Thread 0x0000019fdcf4c180 flushing  nmethod 0x0000019fc65e5010
Event: 7.660 Thread 0x0000019fdcf4c180 flushing  nmethod 0x0000019fc65e7610

Events (20 events):
Event: 0.114 Thread 0x0000019fc0be3710 Thread added: 0x0000019fdcf72320
Event: 0.114 Thread 0x0000019fc0be3710 Thread added: 0x0000019fdcf74040
Event: 0.115 Thread 0x0000019fc0be3710 Thread added: 0x0000019fdcf7cbe0
Event: 0.115 Thread 0x0000019fc0be3710 Thread added: 0x0000019fdcf83d90
Event: 0.115 Thread 0x0000019fc0be3710 Thread added: 0x0000019fdcf9a6a0
Event: 0.178 Thread 0x0000019fc0be3710 Thread added: 0x000001a02211da10
Event: 0.181 Thread 0x0000019fc0be3710 Thread added: 0x000001a02211e0a0
Event: 0.239 Thread 0x0000019fdcf83d90 Thread added: 0x000001a022154f70
Event: 0.941 Thread 0x000001a022154f70 Thread exited: 0x000001a022154f70
Event: 2.625 Thread 0x0000019fdcf9a6a0 Thread added: 0x000001a022c84460
Event: 2.625 Thread 0x0000019fdcf9a6a0 Thread added: 0x000001a022c84b10
Event: 3.858 Thread 0x000001a022c84460 Thread exited: 0x000001a022c84460
Event: 3.858 Thread 0x000001a022c84b10 Thread exited: 0x000001a022c84b10
Event: 4.536 Thread 0x0000019fdcf9a6a0 Thread added: 0x000001a0270aa510
Event: 5.281 Thread 0x000001a0270aa510 Thread exited: 0x000001a0270aa510
Event: 6.332 Thread 0x0000019fdcf83d90 Thread added: 0x000001a022e3d0e0
Event: 6.585 Thread 0x000001a022e3d0e0 Thread exited: 0x000001a022e3d0e0
Event: 6.621 Thread 0x0000019fdcf83d90 Thread added: 0x000001a022e3d0e0
Event: 7.137 Thread 0x000001a022e3d0e0 Thread exited: 0x000001a022e3d0e0
Event: 7.442 Thread 0x0000019fdcf9a6a0 Thread added: 0x000001a0234abbd0


Dynamic libraries:
0x00007ff6beb30000 - 0x00007ff6beb3e000 	C:\Users\negle\.antigravity-ide\extensions\redhat.java-1.56.0-win32-x64\jre\21.0.12.1-win32-x86_64\bin\java.exe
0x00007ff9a23a0000 - 0x00007ff9a2607000 	C:\WINDOWS\SYSTEM32\ntdll.dll
0x00007ff9a0d40000 - 0x00007ff9a0e0b000 	C:\WINDOWS\System32\KERNEL32.DLL
0x00007ff99f9c0000 - 0x00007ff99fdc2000 	C:\WINDOWS\System32\KERNELBASE.dll
0x00007ff99fdd0000 - 0x00007ff99ff1c000 	C:\WINDOWS\System32\ucrtbase.dll
0x00007ff993ee0000 - 0x00007ff993ef8000 	C:\Users\negle\.antigravity-ide\extensions\redhat.java-1.56.0-win32-x64\jre\21.0.12.1-win32-x86_64\bin\jli.dll
0x00007ff9a20a0000 - 0x00007ff9a226f000 	C:\WINDOWS\System32\USER32.dll
0x00007ff99f660000 - 0x00007ff99f687000 	C:\WINDOWS\System32\win32u.dll
0x00007ff9a0630000 - 0x00007ff9a065b000 	C:\WINDOWS\System32\GDI32.dll
0x00007ff99f7d0000 - 0x00007ff99f8f9000 	C:\WINDOWS\System32\gdi32full.dll
0x00007ff99f690000 - 0x00007ff99f733000 	C:\WINDOWS\System32\msvcp_win.dll
0x00007ff992930000 - 0x00007ff99294e000 	C:\Users\negle\.antigravity-ide\extensions\redhat.java-1.56.0-win32-x64\jre\21.0.12.1-win32-x86_64\bin\VCRUNTIME140.dll
0x00007ff98d8b0000 - 0x00007ff98db40000 	C:\WINDOWS\WinSxS\amd64_microsoft.windows.common-controls_6595b64144ccf1df_6.0.26100.9278_none_3e0d1ba8e3303201\COMCTL32.dll
0x00007ff9a0aa0000 - 0x00007ff9a0b49000 	C:\WINDOWS\System32\msvcrt.dll
0x00007ff9a0660000 - 0x00007ff9a0691000 	C:\WINDOWS\System32\IMM32.DLL
0x00007ff96fb70000 - 0x00007ff96fb7c000 	C:\Users\negle\.antigravity-ide\extensions\redhat.java-1.56.0-win32-x64\jre\21.0.12.1-win32-x86_64\bin\vcruntime140_1.dll
0x00007ff92c700000 - 0x00007ff92c78d000 	C:\Users\negle\.antigravity-ide\extensions\redhat.java-1.56.0-win32-x64\jre\21.0.12.1-win32-x86_64\bin\msvcp140.dll
0x00007ff8baad0000 - 0x00007ff8bb872000 	C:\Users\negle\.antigravity-ide\extensions\redhat.java-1.56.0-win32-x64\jre\21.0.12.1-win32-x86_64\bin\server\jvm.dll
0x00007ff9a2280000 - 0x00007ff9a233c000 	C:\WINDOWS\System32\ADVAPI32.dll
0x00007ff9a0c90000 - 0x00007ff9a0d39000 	C:\WINDOWS\System32\sechost.dll
0x00007ff9a0b50000 - 0x00007ff9a0c68000 	C:\WINDOWS\System32\RPCRT4.dll
0x00007ff9a09a0000 - 0x00007ff9a0a20000 	C:\WINDOWS\System32\WS2_32.dll
0x00007ff99f420000 - 0x00007ff99f47e000 	C:\WINDOWS\SYSTEM32\POWRPROF.dll
0x00007ff98d720000 - 0x00007ff98d756000 	C:\WINDOWS\SYSTEM32\WINMM.dll
0x00007ff9994b0000 - 0x00007ff9994bb000 	C:\WINDOWS\SYSTEM32\VERSION.dll
0x00007ff99f400000 - 0x00007ff99f415000 	C:\WINDOWS\SYSTEM32\UMPDC.dll
0x00007ff99e230000 - 0x00007ff99e24b000 	C:\WINDOWS\SYSTEM32\kernel.appcore.dll
0x00007ff96f330000 - 0x00007ff96f33a000 	C:\Users\negle\.antigravity-ide\extensions\redhat.java-1.56.0-win32-x64\jre\21.0.12.1-win32-x86_64\bin\jimage.dll
0x00007ff98f090000 - 0x00007ff98f2dc000 	C:\WINDOWS\SYSTEM32\DBGHELP.DLL
0x00007ff9a1c10000 - 0x00007ff9a1f95000 	C:\WINDOWS\System32\combase.dll
0x00007ff9a1b30000 - 0x00007ff9a1c09000 	C:\WINDOWS\System32\OLEAUT32.dll
0x00007ff97bd50000 - 0x00007ff97bd8b000 	C:\WINDOWS\SYSTEM32\dbgcore.DLL
0x00007ff99f5a0000 - 0x00007ff99f64c000 	C:\WINDOWS\System32\bcryptPrimitives.dll
0x00007ff96e4e0000 - 0x00007ff96e500000 	C:\Users\negle\.antigravity-ide\extensions\redhat.java-1.56.0-win32-x64\jre\21.0.12.1-win32-x86_64\bin\java.dll
0x00007ff9a0ea0000 - 0x00007ff9a1638000 	C:\WINDOWS\System32\SHELL32.dll
0x00007ff99cfe0000 - 0x00007ff99d88e000 	C:\WINDOWS\SYSTEM32\windows.storage.dll
0x00007ff9a02a0000 - 0x00007ff9a039b000 	C:\WINDOWS\System32\SHCORE.dll
0x00007ff9a0a30000 - 0x00007ff9a0a96000 	C:\WINDOWS\System32\shlwapi.dll
0x00007ff99f4c0000 - 0x00007ff99f4e9000 	C:\WINDOWS\SYSTEM32\profapi.dll
0x00007ff979230000 - 0x00007ff979240000 	C:\Users\negle\.antigravity-ide\extensions\redhat.java-1.56.0-win32-x64\jre\21.0.12.1-win32-x86_64\bin\net.dll
0x00007ff9946c0000 - 0x00007ff9947ea000 	C:\WINDOWS\SYSTEM32\WINHTTP.dll
0x00007ff99e7d0000 - 0x00007ff99e83c000 	C:\WINDOWS\system32\mswsock.dll
0x00007ff968ee0000 - 0x00007ff968ef6000 	C:\Users\negle\.antigravity-ide\extensions\redhat.java-1.56.0-win32-x64\jre\21.0.12.1-win32-x86_64\bin\nio.dll
0x00007ff93b4b0000 - 0x00007ff93b4c8000 	C:\Users\negle\.antigravity-ide\extensions\redhat.java-1.56.0-win32-x64\jre\21.0.12.1-win32-x86_64\bin\zip.dll
0x00007ff979220000 - 0x00007ff979230000 	C:\Users\negle\.antigravity-ide\extensions\redhat.java-1.56.0-win32-x64\jre\21.0.12.1-win32-x86_64\bin\verify.dll

JVMTI agents: none

dbghelp: loaded successfully - version: 4.0.5 - missing functions: none
symbol engine: initialized successfully - sym options: 0x614 - pdb path: .;C:\Users\negle\.antigravity-ide\extensions\redhat.java-1.56.0-win32-x64\jre\21.0.12.1-win32-x86_64\bin;C:\WINDOWS\SYSTEM32;C:\WINDOWS\WinSxS\amd64_microsoft.windows.common-controls_6595b64144ccf1df_6.0.26100.9278_none_3e0d1ba8e3303201;C:\Users\negle\.antigravity-ide\extensions\redhat.java-1.56.0-win32-x64\jre\21.0.12.1-win32-x86_64\bin\server

VM Arguments:
java_command: org.jetbrains.kotlin.cli.jvm.K2JVMCompiler @D:\Web\PetHorizon\PetHorizon_App\node_modules\expo-modules-autolinking\android\expo-gradle-plugin\expo-autolinking-settings-plugin\build\20261007_2530574265341214291.compiler.options
java_class_path (initial): C:\Users\negle\.gradle\caches\modules-2\files-2.1\org.jetbrains.kotlin\kotlin-compiler-embeddable\2.1.20\4ef56b3316798316bfac7a0ae443391c9e900ea1\kotlin-compiler-embeddable-2.1.20.jar;C:\Users\negle\.gradle\caches\modules-2\files-2.1\org.jetbrains.kotlin\kotlin-stdlib\2.1.20\aa8ca79cd50578314f6d1180c47cbe14c0fee567\kotlin-stdlib-2.1.20.jar;C:\Users\negle\.gradle\caches\modules-2\files-2.1\org.jetbrains.kotlin\kotlin-script-runtime\2.1.20\f7c623d7f7bdb01f5ccd6b437bc0a937fcd7c57e\kotlin-script-runtime-2.1.20.jar;C:\Users\negle\.gradle\caches\modules-2\files-2.1\org.jetbrains.kotlin\kotlin-reflect\1.6.10\1cbe9c92c12a94eea200d23c2bbaedaf3daf5132\kotlin-reflect-1.6.10.jar;C:\Users\negle\.gradle\caches\modules-2\files-2.1\org.jetbrains.kotlin\kotlin-daemon-embeddable\2.1.20\95670fce77befd02a70a0bc3abe8ee4533521334\kotlin-daemon-embeddable-2.1.20.jar;C:\Users\negle\.gradle\caches\modules-2\files-2.1\org.jetbrains.intellij.deps\trove4j\1.0.20200330\3afb14d5f9ceb459d724e907a21145e8ff394f02\trove4j-1.0.20200330.jar;C:\Users\negle\.gradle\caches\modules-2\files-2.1\org.jetbrains.kotlinx\kotlinx-coroutines-core-jvm\1.8.0\ac1dc37a30a93150b704022f8d895ee1bd3a36b3\kotlinx-coroutines-core-jvm-1.8.0.jar;C:\Users\negle\.gradle\caches\modules-2\files-2.1\org.jetbrains\annotations\13.0\919f0dfe192fb4e063e7dacadee7f8bb9a2672a9\annotations-13.0.jar
Launcher Type: SUN_STANDARD

[Global flags]
     intx CICompilerCount                          = 4                                         {product} {ergonomic}
     uint ConcGCThreads                            = 2                                         {product} {ergonomic}
     uint G1ConcRefinementThreads                  = 8                                         {product} {ergonomic}
   size_t G1HeapRegionSize                         = 2097152                                   {product} {ergonomic}
    uintx GCDrainStackTargetSize                   = 64                                        {product} {ergonomic}
   size_t InitialHeapSize                          = 266338304                                 {product} {ergonomic}
   size_t MarkStackSize                            = 4194304                                   {product} {ergonomic}
   size_t MaxHeapSize                              = 4229955584                                {product} {ergonomic}
   size_t MaxNewSize                               = 2537553920                                {product} {ergonomic}
   size_t MinHeapDeltaBytes                        = 2097152                                   {product} {ergonomic}
   size_t MinHeapSize                              = 8388608                                   {product} {ergonomic}
    uintx NonNMethodCodeHeapSize                   = 5839372                                {pd product} {ergonomic}
    uintx NonProfiledCodeHeapSize                  = 122909434                              {pd product} {ergonomic}
    uintx ProfiledCodeHeapSize                     = 122909434                              {pd product} {ergonomic}
    uintx ReservedCodeCacheSize                    = 251658240                              {pd product} {ergonomic}
     bool SegmentedCodeCache                       = true                                      {product} {ergonomic}
   size_t SoftMaxHeapSize                          = 4229955584                             {manageable} {ergonomic}
     bool UseCompressedOops                        = true                           {product lp64_product} {ergonomic}
     bool UseG1GC                                  = true                                      {product} {ergonomic}
     bool UseLargePagesIndividualAllocation        = false                                  {pd product} {ergonomic}

Logging:
Log output configuration:
 #0: stdout all=warning uptime,level,tags foldmultilines=false
 #1: stderr all=off uptime,level,tags foldmultilines=false

Release file:
JAVA_VERSION="21.0.12.1" 
MODULES="java.base java.compiler java.datatransfer java.xml java.prefs java.desktop java.instrument java.logging java.management java.security.sasl java.naming java.rmi java.management.rmi java.net.http java.scripting java.security.jgss java.transaction.xa java.sql java.sql.rowset java.xml.crypto java.se java.smartcardio jdk.accessibility jdk.internal.jvmstat jdk.attach jdk.charsets jdk.internal.opt jdk.zipfs jdk.compiler jdk.crypto.ec jdk.crypto.cryptoki jdk.crypto.mscapi jdk.dynalink jdk.internal.ed jdk.editpad jdk.hotspot.agent jdk.httpserver jdk.internal.le jdk.internal.vm.ci jdk.internal.vm.compiler jdk.internal.vm.compiler.management jdk.jartool jdk.javadoc jdk.jcmd jdk.management jdk.management.agent jdk.jconsole jdk.jdeps jdk.jdwp.agent jdk.jdi jdk.jfr jdk.jshell jdk.jsobject jdk.jstatd jdk.localedata jdk.management.jfr jdk.naming.dns jdk.naming.rmi jdk.net jdk.nio.mapmode jdk.random jdk.sctp jdk.security.auth jdk.security.jgss jdk.unsupported jdk.unsupported.desktop jdk.xml.dom" 

Environment Variables:
JAVA_HOME=C:\Program Files\Android\Android Studio\jbr
PATH=C:\WINDOWS\system32;C:\WINDOWS;C:\WINDOWS\System32\Wbem;C:\WINDOWS\System32\WindowsPowerShell\v1.0\;C:\WINDOWS\System32\OpenSSH\;C:\Program Files\nodejs\;C:\Program Files\Git\cmd;C:\ProgramData\ComposerSetup\bin;C:\WINDOWS\system32;C:\WINDOWS;C:\WINDOWS\System32\Wbem;C:\WINDOWS\System32\WindowsPowerShell\v1.0\;C:\WINDOWS\System32\OpenSSH\;C:\Program Files\nodejs\;C:\Program Files\Git\cmd;C:\Users\negle\AppData\Local\Microsoft\WindowsApps;C:\Users\negle\AppData\Local\Python\bin;C:\Users\negle\AppData\Roaming\npm;C:\Users\negle\AppData\Local\Programs\Antigravity IDE\bin;C:\xampp\php;C:\Users\negle\AppData\Roaming\Composer\vendor\bin;C:\Program Files\Android\Android Studio\jbr\bin
USERNAME=negle
OS=Windows_NT
PROCESSOR_IDENTIFIER=Intel64 Family 6 Model 142 Stepping 12, GenuineIntel
TMP=C:\Users\negle\AppData\Local\Temp
TEMP=C:\Users\negle\AppData\Local\Temp




Periodic native trim disabled

---------------  S Y S T E M  ---------------

OS:
 Windows 11 , 64 bit Build 26100 (10.0.26100.9444)
OS uptime: 3 days 11:50 hours
Hyper-V role detected

CPU: total 8 (initial active 8) (4 cores per cpu, 2 threads per core) family 6 model 142 stepping 12 microcode 0xf0, cx8, cmov, fxsr, ht, mmx, 3dnowpref, sse, sse2, sse3, ssse3, sse4.1, sse4.2, popcnt, lzcnt, tsc, tscinvbit, avx, avx2, aes, erms, clmul, bmi1, bmi2, adx, fma, vzeroupper, clflush, clflushopt, hv, rdtscp, f16c
Processor Information for the first 8 processors :
  Max Mhz: 2112, Current Mhz: 804, Mhz Limit: 802

Memory: 4k page, system-wide physical 16131M (466M free)
TotalPageFile size 33431M (AvailPageFile size 8M)
current process WorkingSet (physical memory assigned to process): 223M, peak: 223M
current process commit charge ("private bytes"): 291M, peak: 396M

vm_info: OpenJDK 64-Bit Server VM (21.0.12.1+1-LTS) for windows-amd64 JRE (21.0.12.1+1-LTS), built on 2026-08-18T00:00:00Z by "admin" with MS VC++ 17.12 (VS2022)

END.
